2024-11-19 04:25:54 UTC
Windows-10-10.0.22621
Ren'Py 8.3.2.24090902

Early init took 0.09s
Loading error handling took 0.07s
Loading script took 1.20s
Loading save slot metadata took 0.08s
Loading persistent took 0.00s

File "game/act1.rpy", line 44: show statement expects a non-empty block.
    show w sided with dissolve:
                               ^
DPI scale factor: 1.250000
nvdrs: Loaded, about to disable thread optimizations.
nvdrs: Disabled thread optimizations.
Interface start took 0.51s

Initializing gl2 renderer:
primary display bounds: (0, 0, 1920, 1080)
swap interval: 1 frames
Windowed mode.
Vendor: "b'NVIDIA Corporation'"
Renderer: b'NVIDIA GeForce RTX 3050 Laptop GPU/PCIe/SSE2'
Version: b'4.6.0 NVIDIA 566.03'
Display Info: None
Screen sizes: virtual=(1920, 1080) physical=(1858, 1045) drawable=(1858, 1045)
Maximum texture size: 4096x4096
Resetting cache.
Early init took 29.62s
Loading error handling took 0.04s
Loading script took 0.84s
Loading save slot metadata took 0.03s
Loading persistent took 0.00s
Running init code took 0.14s
Loading analysis data took 0.02s
Analyze and compile ATL took 0.00s
Reloading save slot metadata took 0.13s
Index archives took 0.00s
Backing up script files to 'C:\\Users\\USER\\AppData\\Roaming/RenPy/backups\\game name here':
Dump and make backups took 0.06s
Cleaning cache took 0.00s
Making clean stores took 0.00s
Initial gc took 0.04s
DPI scale factor: 1.250000
nvdrs: Loaded, about to disable thread optimizations.
nvdrs: Disabled thread optimizations.
Creating interface object took 0.27s
Cleaning stores took 0.00s
Init translation took 0.04s
Build styles took 0.00s
Load screen analysis took 0.00s
Analyze screens took 0.01s
Save screen analysis took 0.02s
Prepare screens took 0.07s
Save pyanalysis. took 0.02s
Save bytecode. took 0.02s
Running _start took 0.00s
Interface start took 0.14s

Initializing gl2 renderer:
primary display bounds: (0, 0, 1920, 1080)
swap interval: 1 frames
Windowed mode.
Vendor: "b'NVIDIA Corporation'"
Renderer: b'NVIDIA GeForce RTX 3050 Laptop GPU/PCIe/SSE2'
Version: b'4.6.0 NVIDIA 566.03'
Display Info: None
Screen sizes: virtual=(1920, 1080) physical=(1858, 1045) drawable=(1858, 1045)
Maximum texture size: 4096x4096
Resetting cache.
Early init took 31.88s
Loading error handling took 0.02s
Loading script took 0.13s
Loading save slot metadata took 0.03s
Loading persistent took 0.00s
Running init code took 0.05s
Loading analysis data took 0.02s
Analyze and compile ATL took 0.00s
Reloading save slot metadata took 0.03s
Index archives took 0.00s
Dump and make backups took 0.05s
Cleaning cache took 0.00s
Making clean stores took 0.00s
Initial gc took 0.05s
DPI scale factor: 1.250000
nvdrs: Loaded, about to disable thread optimizations.
nvdrs: Disabled thread optimizations.
Creating interface object took 0.28s
Cleaning stores took 0.00s
Init translation took 0.04s
Build styles took 0.00s
Load screen analysis took 0.03s
Analyze screens took 0.00s
Save screen analysis took 0.00s
Prepare screens took 0.07s
Save pyanalysis. took 0.00s
Save bytecode. took 0.00s
Running _start took 0.00s
Interface start took 0.12s

Initializing gl2 renderer:
primary display bounds: (0, 0, 1920, 1080)
swap interval: 1 frames
Windowed mode.
Vendor: "b'NVIDIA Corporation'"
Renderer: b'NVIDIA GeForce RTX 3050 Laptop GPU/PCIe/SSE2'
Version: b'4.6.0 NVIDIA 566.03'
Display Info: None
Screen sizes: virtual=(1920, 1080) physical=(1858, 1045) drawable=(1858, 1045)
Maximum texture size: 4096x4096

Full traceback:
  File "game/act1.rpy", line 17, in script
    jump w_on_street
  File "C:\Users\USER\Downloads\renpy-8.3.2-sdk.7z\renpy-8.3.2-sdk\renpy\ast.py", line 1699, in execute
    rv = renpy.game.script.lookup(target)
  File "C:\Users\USER\Downloads\renpy-8.3.2-sdk.7z\renpy-8.3.2-sdk\renpy\script.py", line 1103, in lookup
    raise ScriptError("could not find label '%s'." % str(original))
ScriptError: could not find label 'w_on_street'.

While running game code:
  File "game/act1.rpy", line 17, in script
    jump w_on_street
ScriptError: could not find label 'w_on_street'.
Resetting cache.
Early init took 83.25s
Loading error handling took 0.02s
Loading script took 0.14s
Loading save slot metadata took 0.03s
Loading persistent took 0.00s
Running init code took 0.03s
Loading analysis data took 0.01s
Analyze and compile ATL took 0.00s
Reloading save slot metadata took 0.03s
Index archives took 0.00s
Dump and make backups took 0.05s
Cleaning cache took 0.00s
Making clean stores took 0.00s
Initial gc took 0.07s
DPI scale factor: 1.250000
nvdrs: Loaded, about to disable thread optimizations.
nvdrs: Disabled thread optimizations.
Creating interface object took 0.27s
Cleaning stores took 0.00s
Init translation took 0.04s
Build styles took 0.00s
Load screen analysis took 0.03s
Analyze screens took 0.00s
Save screen analysis took 0.00s
Prepare screens took 0.09s
Save pyanalysis. took 0.00s
Save bytecode. took 0.00s
Running _start took 0.00s
Interface start took 0.21s

Initializing gl2 renderer:
primary display bounds: (0, 0, 1920, 1080)
swap interval: 1 frames
Windowed mode.
Vendor: "b'NVIDIA Corporation'"
Renderer: b'NVIDIA GeForce RTX 3050 Laptop GPU/PCIe/SSE2'
Version: b'4.6.0 NVIDIA 566.03'
Display Info: None
Screen sizes: virtual=(1920, 1080) physical=(1858, 1045) drawable=(1858, 1045)
Maximum texture size: 4096x4096

Full traceback:
  File "game/act1.rpy", line 17, in script
    jump w_on_street
  File "C:\Users\USER\Downloads\renpy-8.3.2-sdk.7z\renpy-8.3.2-sdk\renpy\ast.py", line 1699, in execute
    rv = renpy.game.script.lookup(target)
  File "C:\Users\USER\Downloads\renpy-8.3.2-sdk.7z\renpy-8.3.2-sdk\renpy\script.py", line 1103, in lookup
    raise ScriptError("could not find label '%s'." % str(original))
ScriptError: could not find label 'w_on_street'.

While running game code:
  File "game/act1.rpy", line 17, in script
    jump w_on_street
ScriptError: could not find label 'w_on_street'.
Resetting cache.
Early init took 89.63s
Loading error handling took 0.02s
Loading script took 0.16s
Loading save slot metadata took 0.03s
Loading persistent took 0.00s
Running init code took 0.03s
Loading analysis data took 0.02s
Analyze and compile ATL took 0.00s
Reloading save slot metadata took 0.03s
Index archives took 0.00s
Backing up script files to 'C:\\Users\\USER\\AppData\\Roaming/RenPy/backups\\game name here':
Dump and make backups took 0.06s
Cleaning cache took 0.00s
Making clean stores took 0.00s
Initial gc took 0.08s
DPI scale factor: 1.250000
nvdrs: Loaded, about to disable thread optimizations.
nvdrs: Disabled thread optimizations.
Creating interface object took 0.28s
Cleaning stores took 0.00s
Init translation took 0.04s
Build styles took 0.00s
Load screen analysis took 0.00s
Analyze screens took 0.01s
Save screen analysis took 0.02s
Prepare screens took 0.07s
Save pyanalysis. took 0.00s
Save bytecode. took 0.02s
Running _start took 0.00s
Interface start took 0.20s

Initializing gl2 renderer:
primary display bounds: (0, 0, 1920, 1080)
swap interval: 1 frames
Windowed mode.
Vendor: "b'NVIDIA Corporation'"
Renderer: b'NVIDIA GeForce RTX 3050 Laptop GPU/PCIe/SSE2'
Version: b'4.6.0 NVIDIA 566.03'
Display Info: None
Screen sizes: virtual=(1920, 1080) physical=(1858, 1045) drawable=(1858, 1045)
Maximum texture size: 4096x4096
Resetting cache.
Early init took 122.04s
Loading error handling took 0.02s
Loading script took 0.14s
Loading save slot metadata took 0.03s
Loading persistent took 0.00s
Running init code took 0.04s
Loading analysis data took 0.01s
Analyze and compile ATL took 0.00s
Reloading save slot metadata took 0.03s
Index archives took 0.00s
Backing up script files to 'C:\\Users\\USER\\AppData\\Roaming/RenPy/backups\\game name here':
Dump and make backups took 0.05s
Cleaning cache took 0.00s
Making clean stores took 0.00s
Initial gc took 0.07s
DPI scale factor: 1.250000
nvdrs: Loaded, about to disable thread optimizations.
nvdrs: Disabled thread optimizations.
Creating interface object took 0.37s
Cleaning stores took 0.00s
Init translation took 0.06s
Build styles took 0.00s
Load screen analysis took 0.00s
Analyze screens took 0.01s
Save screen analysis took 0.02s
Prepare screens took 0.07s
Save pyanalysis. took 0.02s
Save bytecode. took 0.02s
Running _start took 0.00s
Interface start took 0.21s

Initializing gl2 renderer:
primary display bounds: (0, 0, 1920, 1080)
swap interval: 1 frames
Windowed mode.
Vendor: "b'NVIDIA Corporation'"
Renderer: b'NVIDIA GeForce RTX 3050 Laptop GPU/PCIe/SSE2'
Version: b'4.6.0 NVIDIA 566.03'
Display Info: None
Screen sizes: virtual=(1920, 1080) physical=(1858, 1045) drawable=(1858, 1045)
Maximum texture size: 4096x4096
Resetting cache.
Early init took 135.98s
Loading error handling took 0.02s
Loading script took 0.16s
Loading save slot metadata took 0.03s
Loading persistent took 0.00s
Running init code took 0.05s
Loading analysis data took 0.02s
Analyze and compile ATL took 0.00s
Reloading save slot metadata took 0.03s
Index archives took 0.00s
Backing up script files to 'C:\\Users\\USER\\AppData\\Roaming/RenPy/backups\\game name here':
Dump and make backups took 0.06s
Cleaning cache took 0.00s
Making clean stores took 0.00s
Initial gc took 0.07s
DPI scale factor: 1.250000
nvdrs: Loaded, about to disable thread optimizations.
nvdrs: Disabled thread optimizations.
Creating interface object took 0.29s
Cleaning stores took 0.00s
Init translation took 0.04s
Build styles took 0.00s
Load screen analysis took 0.00s
Analyze screens took 0.01s
Save screen analysis took 0.02s
Prepare screens took 0.08s
Save pyanalysis. took 0.00s
Save bytecode. took 0.02s
Running _start took 0.00s
Interface start took 0.25s

Initializing gl2 renderer:
primary display bounds: (0, 0, 1920, 1080)
swap interval: 1 frames
Windowed mode.
Vendor: "b'NVIDIA Corporation'"
Renderer: b'NVIDIA GeForce RTX 3050 Laptop GPU/PCIe/SSE2'
Version: b'4.6.0 NVIDIA 566.03'
Display Info: None
Screen sizes: virtual=(1920, 1080) physical=(1858, 1045) drawable=(1858, 1045)
Maximum texture size: 4096x4096
Resetting cache.
Early init took 151.56s
Loading error handling took 0.02s
Loading script took 0.13s
Loading save slot metadata took 0.03s
Loading persistent took 0.00s
Running init code took 0.04s
Loading analysis data took 0.02s
Analyze and compile ATL took 0.00s
Reloading save slot metadata took 0.03s
Index archives took 0.00s
Dump and make backups took 0.05s
Cleaning cache took 0.00s
Making clean stores took 0.00s
Initial gc took 0.05s
DPI scale factor: 1.250000
nvdrs: Loaded, about to disable thread optimizations.
nvdrs: Disabled thread optimizations.
Creating interface object took 0.30s
Cleaning stores took 0.00s
Init translation took 0.04s
Build styles took 0.00s
Load screen analysis took 0.03s
Analyze screens took 0.00s
Save screen analysis took 0.00s
Prepare screens took 0.07s
Save pyanalysis. took 0.00s
Save bytecode. took 0.00s
Running _start took 0.00s
Interface start took 0.22s

Initializing gl2 renderer:
primary display bounds: (0, 0, 1920, 1080)
swap interval: 1 frames
Windowed mode.
Vendor: "b'NVIDIA Corporation'"
Renderer: b'NVIDIA GeForce RTX 3050 Laptop GPU/PCIe/SSE2'
Version: b'4.6.0 NVIDIA 566.03'
Display Info: None
Screen sizes: virtual=(1920, 1080) physical=(1858, 1045) drawable=(1858, 1045)
Maximum texture size: 4096x4096
Screen sizes: virtual=(1920, 1080) physical=(1920, 1051) drawable=(1920, 1051)
Maximum texture size: 4096x4096
Cleaning stores took 0.00s
Init translation took 0.00s
Build styles took 0.00s
Load screen analysis took 0.02s
Analyze screens took 0.00s
Prepare screens took 0.00s
Running _start took 0.00s
Resetting cache.
Early init took 185.55s
Loading error handling took 0.02s
Loading script took 0.16s
Loading save slot metadata took 0.03s
Loading persistent took 0.00s
Running init code took 0.04s
Loading analysis data took 0.02s
Analyze and compile ATL took 0.00s
Reloading save slot metadata took 0.03s
Index archives took 0.00s
Backing up script files to 'C:\\Users\\USER\\AppData\\Roaming/RenPy/backups\\game name here':
Dump and make backups took 0.06s
Cleaning cache took 0.00s
Making clean stores took 0.00s
Initial gc took 0.07s
DPI scale factor: 1.250000
nvdrs: Loaded, about to disable thread optimizations.
nvdrs: Disabled thread optimizations.
Creating interface object took 0.29s
Cleaning stores took 0.00s
Init translation took 0.05s
Build styles took 0.00s
Load screen analysis took 0.00s
Analyze screens took 0.01s
Save screen analysis took 0.02s
Prepare screens took 0.07s
Save pyanalysis. took 0.02s
Save bytecode. took 0.02s
Running _start took 0.00s
Interface start took 0.23s

Initializing gl2 renderer:
primary display bounds: (0, 0, 1920, 1080)
swap interval: 1 frames
Windowed mode.
Vendor: "b'NVIDIA Corporation'"
Renderer: b'NVIDIA GeForce RTX 3050 Laptop GPU/PCIe/SSE2'
Version: b'4.6.0 NVIDIA 566.03'
Display Info: None
Screen sizes: virtual=(1920, 1080) physical=(1920, 1051) drawable=(1920, 1051)
Maximum texture size: 4096x4096
Screen sizes: virtual=(1920, 1080) physical=(1920, 1051) drawable=(1920, 1051)
Maximum texture size: 4096x4096
Resetting cache.
Early init took 203.97s
Loading error handling took 0.02s
Loading script took 0.16s
Loading save slot metadata took 0.03s
Loading persistent took 0.00s
Running init code took 0.05s
Loading analysis data took 0.02s
Analyze and compile ATL took 0.00s
Reloading save slot metadata took 0.03s
Index archives took 0.00s
Backing up script files to 'C:\\Users\\USER\\AppData\\Roaming/RenPy/backups\\game name here':
Dump and make backups took 0.06s
Cleaning cache took 0.00s
Making clean stores took 0.00s
Initial gc took 0.06s
DPI scale factor: 1.250000
nvdrs: Loaded, about to disable thread optimizations.
nvdrs: Disabled thread optimizations.
Creating interface object took 0.27s
Cleaning stores took 0.00s
Init translation took 0.05s
Build styles took 0.00s
Load screen analysis took 0.00s
Analyze screens took 0.01s
Save screen analysis took 0.02s
Prepare screens took 0.09s
Save pyanalysis. took 0.00s
Save bytecode. took 0.00s
Running _start took 0.00s
Interface start took 0.22s

Initializing gl2 renderer:
primary display bounds: (0, 0, 1920, 1080)
swap interval: 1 frames
Windowed mode.
Vendor: "b'NVIDIA Corporation'"
Renderer: b'NVIDIA GeForce RTX 3050 Laptop GPU/PCIe/SSE2'
Version: b'4.6.0 NVIDIA 566.03'
Display Info: None
Screen sizes: virtual=(1920, 1080) physical=(1920, 1051) drawable=(1920, 1051)
Maximum texture size: 4096x4096
Screen sizes: virtual=(1920, 1080) physical=(1920, 1051) drawable=(1920, 1051)
Maximum texture size: 4096x4096
Resetting cache.
Early init took 225.52s
Loading error handling took 0.02s
Loading script took 0.16s
Loading save slot metadata took 0.04s
Loading persistent took 0.00s
Running init code took 0.05s
Loading analysis data took 0.02s
Analyze and compile ATL took 0.00s
Reloading save slot metadata took 0.03s
Index archives took 0.00s
Backing up script files to 'C:\\Users\\USER\\AppData\\Roaming/RenPy/backups\\game name here':
Dump and make backups took 0.08s
Cleaning cache took 0.00s
Making clean stores took 0.00s
Initial gc took 0.06s
DPI scale factor: 1.250000
nvdrs: Loaded, about to disable thread optimizations.
nvdrs: Disabled thread optimizations.
Creating interface object took 0.26s
Cleaning stores took 0.00s
Init translation took 0.04s
Build styles took 0.00s
Load screen analysis took 0.00s
Analyze screens took 0.01s
Save screen analysis took 0.02s
Prepare screens took 0.09s
Save pyanalysis. took 0.00s
Save bytecode. took 0.02s
Running _start took 0.00s
Interface start took 0.21s

Initializing gl2 renderer:
primary display bounds: (0, 0, 1920, 1080)
swap interval: 1 frames
Windowed mode.
Vendor: "b'NVIDIA Corporation'"
Renderer: b'NVIDIA GeForce RTX 3050 Laptop GPU/PCIe/SSE2'
Version: b'4.6.0 NVIDIA 566.03'
Display Info: None
Screen sizes: virtual=(1920, 1080) physical=(1920, 1051) drawable=(1920, 1051)
Maximum texture size: 4096x4096
Screen sizes: virtual=(1920, 1080) physical=(1920, 1051) drawable=(1920, 1051)
Maximum texture size: 4096x4096
Resetting cache.
Early init took 245.58s
Loading error handling took 0.02s
Loading script took 0.16s
Loading save slot metadata took 0.03s
Loading persistent took 0.00s

File "game/act1.rpy", line 44: Line is indented, but the preceding say statement statement does not expect a block. Please check this line's indentation. You may have forgotten a colon (:).
    jump classroom
    ^
DPI scale factor: 1.250000
nvdrs: Loaded, about to disable thread optimizations.
nvdrs: Disabled thread optimizations.
Interface start took 0.46s

Initializing gl2 renderer:
primary display bounds: (0, 0, 1920, 1080)
swap interval: 1 frames
Windowed mode.
Vendor: "b'NVIDIA Corporation'"
Renderer: b'NVIDIA GeForce RTX 3050 Laptop GPU/PCIe/SSE2'
Version: b'4.6.0 NVIDIA 566.03'
Display Info: None
Screen sizes: virtual=(1920, 1080) physical=(1920, 1051) drawable=(1920, 1051)
Maximum texture size: 4096x4096
Screen sizes: virtual=(1920, 1080) physical=(1920, 1051) drawable=(1920, 1051)
Maximum texture size: 4096x4096
Resetting cache.
Early init took 268.43s
Loading error handling took 0.02s
Loading script took 0.17s
Loading save slot metadata took 0.03s
Loading persistent took 0.00s

File "game/act1.rpy", line 45: Line is indented, but the preceding say statement statement does not expect a block. Please check this line's indentation. You may have forgotten a colon (:).
    jump classroom
    ^
DPI scale factor: 1.250000
nvdrs: Loaded, about to disable thread optimizations.
nvdrs: Disabled thread optimizations.
Interface start took 0.46s

Initializing gl2 renderer:
primary display bounds: (0, 0, 1920, 1080)
swap interval: 1 frames
Windowed mode.
Vendor: "b'NVIDIA Corporation'"
Renderer: b'NVIDIA GeForce RTX 3050 Laptop GPU/PCIe/SSE2'
Version: b'4.6.0 NVIDIA 566.03'
Display Info: None
Screen sizes: virtual=(1920, 1080) physical=(1920, 1051) drawable=(1920, 1051)
Maximum texture size: 4096x4096
Screen sizes: virtual=(1920, 1080) physical=(1920, 1051) drawable=(1920, 1051)
Maximum texture size: 4096x4096
Resetting cache.
Early init took 274.31s
Loading error handling took 0.02s
Loading script took 0.13s
Loading save slot metadata took 0.03s
Loading persistent took 0.00s

File "game/act1.rpy", line 45: Line is indented, but the preceding say statement statement does not expect a block. Please check this line's indentation. You may have forgotten a colon (:).
    jump classroom
    ^
DPI scale factor: 1.250000
nvdrs: Loaded, about to disable thread optimizations.
nvdrs: Disabled thread optimizations.
Interface start took 0.43s

Initializing gl2 renderer:
primary display bounds: (0, 0, 1920, 1080)
swap interval: 1 frames
Windowed mode.
Vendor: "b'NVIDIA Corporation'"
Renderer: b'NVIDIA GeForce RTX 3050 Laptop GPU/PCIe/SSE2'
Version: b'4.6.0 NVIDIA 566.03'
Display Info: None
Screen sizes: virtual=(1920, 1080) physical=(1920, 1051) drawable=(1920, 1051)
Maximum texture size: 4096x4096
Screen sizes: virtual=(1920, 1080) physical=(1920, 1051) drawable=(1920, 1051)
Maximum texture size: 4096x4096
Resetting cache.
Early init took 276.06s
Loading error handling took 0.02s
Loading script took 0.13s
Loading save slot metadata took 0.03s
Loading persistent took 0.00s

File "game/act1.rpy", line 45: Line is indented, but the preceding say statement statement does not expect a block. Please check this line's indentation. You may have forgotten a colon (:).
    jump classroom
    ^
DPI scale factor: 1.250000
nvdrs: Loaded, about to disable thread optimizations.
nvdrs: Disabled thread optimizations.
Interface start took 0.42s

Initializing gl2 renderer:
primary display bounds: (0, 0, 1920, 1080)
swap interval: 1 frames
Windowed mode.
Vendor: "b'NVIDIA Corporation'"
Renderer: b'NVIDIA GeForce RTX 3050 Laptop GPU/PCIe/SSE2'
Version: b'4.6.0 NVIDIA 566.03'
Display Info: None
Screen sizes: virtual=(1920, 1080) physical=(1920, 1051) drawable=(1920, 1051)
Maximum texture size: 4096x4096
Screen sizes: virtual=(1920, 1080) physical=(1920, 1051) drawable=(1920, 1051)
Maximum texture size: 4096x4096
Resetting cache.
Early init took 284.33s
Loading error handling took 0.02s
Loading script took 0.13s
Loading save slot metadata took 0.03s
Loading persistent took 0.00s

File "game/act1.rpy", line 45: Line is indented, but the preceding say statement statement does not expect a block. Please check this line's indentation. You may have forgotten a colon (:).
    jump classroom
    ^
DPI scale factor: 1.250000
nvdrs: Loaded, about to disable thread optimizations.
nvdrs: Disabled thread optimizations.
Interface start took 0.45s

Initializing gl2 renderer:
primary display bounds: (0, 0, 1920, 1080)
swap interval: 1 frames
Windowed mode.
Vendor: "b'NVIDIA Corporation'"
Renderer: b'NVIDIA GeForce RTX 3050 Laptop GPU/PCIe/SSE2'
Version: b'4.6.0 NVIDIA 566.03'
Display Info: None
Screen sizes: virtual=(1920, 1080) physical=(1920, 1051) drawable=(1920, 1051)
Maximum texture size: 4096x4096
Screen sizes: virtual=(1920, 1080) physical=(1920, 1051) drawable=(1920, 1051)
Maximum texture size: 4096x4096
Resetting cache.
Early init took 289.06s
Loading error handling took 0.02s
Loading script took 0.15s
Loading save slot metadata took 0.03s
Loading persistent took 0.00s
Running init code took 0.06s
Loading analysis data took 0.02s
Analyze and compile ATL took 0.00s
Reloading save slot metadata took 0.04s
Index archives took 0.00s
Backing up script files to 'C:\\Users\\USER\\AppData\\Roaming/RenPy/backups\\game name here':
Dump and make backups took 0.07s
Cleaning cache took 0.00s
Making clean stores took 0.00s
Initial gc took 0.06s
DPI scale factor: 1.250000
nvdrs: Loaded, about to disable thread optimizations.
nvdrs: Disabled thread optimizations.
Creating interface object took 0.28s
Cleaning stores took 0.00s
Init translation took 0.04s
Build styles took 0.00s
Load screen analysis took 0.00s
Analyze screens took 0.01s
Save screen analysis took 0.02s
Prepare screens took 0.08s
Save pyanalysis. took 0.02s
Save bytecode. took 0.02s
Running _start took 0.00s
Interface start took 0.20s

Initializing gl2 renderer:
primary display bounds: (0, 0, 1920, 1080)
swap interval: 1 frames
Windowed mode.
Vendor: "b'NVIDIA Corporation'"
Renderer: b'NVIDIA GeForce RTX 3050 Laptop GPU/PCIe/SSE2'
Version: b'4.6.0 NVIDIA 566.03'
Display Info: None
Screen sizes: virtual=(1920, 1080) physical=(1920, 1051) drawable=(1920, 1051)
Maximum texture size: 4096x4096
Screen sizes: virtual=(1920, 1080) physical=(1920, 1051) drawable=(1920, 1051)
Maximum texture size: 4096x4096

Full traceback:
  File "game/act1.rpy", line 9, in script
    player "今天天氣真不錯！"
  File "C:\Users\USER\Downloads\renpy-8.3.2-sdk.7z\renpy-8.3.2-sdk\renpy\ast.py", line 2573, in execute
    Say.execute(self)
  File "C:\Users\USER\Downloads\renpy-8.3.2-sdk.7z\renpy-8.3.2-sdk\renpy\ast.py", line 615, in execute
    renpy.exports.say(who, what, *args, **kwargs)
  File "C:\Users\USER\Downloads\renpy-8.3.2-sdk.7z\renpy-8.3.2-sdk\renpy\exports\sayexports.py", line 132, in say
    who(what, *args, **kwargs)
  File "C:\Users\USER\Downloads\renpy-8.3.2-sdk.7z\renpy-8.3.2-sdk\renpy\character.py", line 1438, in __call__
    who = self.prefix_suffix("who", self.who_prefix, who, self.who_suffix)
  File "C:\Users\USER\Downloads\renpy-8.3.2-sdk.7z\renpy-8.3.2-sdk\renpy\character.py", line 1354, in prefix_suffix
    return (sub(prefix) + sub(body) + sub(suffix))
  File "C:\Users\USER\Downloads\renpy-8.3.2-sdk.7z\renpy-8.3.2-sdk\renpy\character.py", line 1334, in sub
    return renpy.substitutions.substitute(s, scope=scope, force=force, translate=translate)[0]
  File "C:\Users\USER\Downloads\renpy-8.3.2-sdk.7z\renpy-8.3.2-sdk\renpy\substitutions.py", line 373, in substitute
    s = interpolate(s, variables) # type: ignore
  File "C:\Users\USER\Downloads\renpy-8.3.2-sdk.7z\renpy-8.3.2-sdk\renpy\substitutions.py", line 86, in interpolate
    raise e
  File "C:\Users\USER\Downloads\renpy-8.3.2-sdk.7z\renpy-8.3.2-sdk\renpy\substitutions.py", line 78, in interpolate
    value = renpy.python.py_eval(code, {}, scope)
  File "C:\Users\USER\Downloads\renpy-8.3.2-sdk.7z\renpy-8.3.2-sdk\renpy\python.py", line 1209, in py_eval
    return py_eval_bytecode(code, globals, locals)
  File "C:\Users\USER\Downloads\renpy-8.3.2-sdk.7z\renpy-8.3.2-sdk\renpy\python.py", line 1202, in py_eval_bytecode
    return eval(bytecode, globals, locals)
  File "<none>", line 1, in <module>
NameError: name 'name' is not defined

While running game code:
  File "game/act1.rpy", line 9, in script
    player "今天天氣真不錯！"
NameError: name 'name' is not defined

Full traceback:
  File "game/act1.rpy", line 11, in script
    player "接下來要幹嘛呢？"
  File "C:\Users\USER\Downloads\renpy-8.3.2-sdk.7z\renpy-8.3.2-sdk\renpy\ast.py", line 2573, in execute
    Say.execute(self)
  File "C:\Users\USER\Downloads\renpy-8.3.2-sdk.7z\renpy-8.3.2-sdk\renpy\ast.py", line 615, in execute
    renpy.exports.say(who, what, *args, **kwargs)
  File "C:\Users\USER\Downloads\renpy-8.3.2-sdk.7z\renpy-8.3.2-sdk\renpy\exports\sayexports.py", line 132, in say
    who(what, *args, **kwargs)
  File "C:\Users\USER\Downloads\renpy-8.3.2-sdk.7z\renpy-8.3.2-sdk\renpy\character.py", line 1438, in __call__
    who = self.prefix_suffix("who", self.who_prefix, who, self.who_suffix)
  File "C:\Users\USER\Downloads\renpy-8.3.2-sdk.7z\renpy-8.3.2-sdk\renpy\character.py", line 1354, in prefix_suffix
    return (sub(prefix) + sub(body) + sub(suffix))
  File "C:\Users\USER\Downloads\renpy-8.3.2-sdk.7z\renpy-8.3.2-sdk\renpy\character.py", line 1334, in sub
    return renpy.substitutions.substitute(s, scope=scope, force=force, translate=translate)[0]
  File "C:\Users\USER\Downloads\renpy-8.3.2-sdk.7z\renpy-8.3.2-sdk\renpy\substitutions.py", line 373, in substitute
    s = interpolate(s, variables) # type: ignore
  File "C:\Users\USER\Downloads\renpy-8.3.2-sdk.7z\renpy-8.3.2-sdk\renpy\substitutions.py", line 86, in interpolate
    raise e
  File "C:\Users\USER\Downloads\renpy-8.3.2-sdk.7z\renpy-8.3.2-sdk\renpy\substitutions.py", line 78, in interpolate
    value = renpy.python.py_eval(code, {}, scope)
  File "C:\Users\USER\Downloads\renpy-8.3.2-sdk.7z\renpy-8.3.2-sdk\renpy\python.py", line 1209, in py_eval
    return py_eval_bytecode(code, globals, locals)
  File "C:\Users\USER\Downloads\renpy-8.3.2-sdk.7z\renpy-8.3.2-sdk\renpy\python.py", line 1202, in py_eval_bytecode
    return eval(bytecode, globals, locals)
  File "<none>", line 1, in <module>
NameError: name 'name' is not defined

While running game code:
  File "game/act1.rpy", line 11, in script
    player "接下來要幹嘛呢？"
NameError: name 'name' is not defined

Full traceback:
  File "game/act1.rpy", line 9, in script
    player "今天天氣真不錯！"
  File "C:\Users\USER\Downloads\renpy-8.3.2-sdk.7z\renpy-8.3.2-sdk\renpy\ast.py", line 2573, in execute
    Say.execute(self)
  File "C:\Users\USER\Downloads\renpy-8.3.2-sdk.7z\renpy-8.3.2-sdk\renpy\ast.py", line 615, in execute
    renpy.exports.say(who, what, *args, **kwargs)
  File "C:\Users\USER\Downloads\renpy-8.3.2-sdk.7z\renpy-8.3.2-sdk\renpy\exports\sayexports.py", line 132, in say
    who(what, *args, **kwargs)
  File "C:\Users\USER\Downloads\renpy-8.3.2-sdk.7z\renpy-8.3.2-sdk\renpy\character.py", line 1438, in __call__
    who = self.prefix_suffix("who", self.who_prefix, who, self.who_suffix)
  File "C:\Users\USER\Downloads\renpy-8.3.2-sdk.7z\renpy-8.3.2-sdk\renpy\character.py", line 1354, in prefix_suffix
    return (sub(prefix) + sub(body) + sub(suffix))
  File "C:\Users\USER\Downloads\renpy-8.3.2-sdk.7z\renpy-8.3.2-sdk\renpy\character.py", line 1334, in sub
    return renpy.substitutions.substitute(s, scope=scope, force=force, translate=translate)[0]
  File "C:\Users\USER\Downloads\renpy-8.3.2-sdk.7z\renpy-8.3.2-sdk\renpy\substitutions.py", line 373, in substitute
    s = interpolate(s, variables) # type: ignore
  File "C:\Users\USER\Downloads\renpy-8.3.2-sdk.7z\renpy-8.3.2-sdk\renpy\substitutions.py", line 86, in interpolate
    raise e
  File "C:\Users\USER\Downloads\renpy-8.3.2-sdk.7z\renpy-8.3.2-sdk\renpy\substitutions.py", line 78, in interpolate
    value = renpy.python.py_eval(code, {}, scope)
  File "C:\Users\USER\Downloads\renpy-8.3.2-sdk.7z\renpy-8.3.2-sdk\renpy\python.py", line 1209, in py_eval
    return py_eval_bytecode(code, globals, locals)
  File "C:\Users\USER\Downloads\renpy-8.3.2-sdk.7z\renpy-8.3.2-sdk\renpy\python.py", line 1202, in py_eval_bytecode
    return eval(bytecode, globals, locals)
  File "<none>", line 1, in <module>
NameError: name 'name' is not defined

While running game code:
  File "game/act1.rpy", line 9, in script
    player "今天天氣真不錯！"
NameError: name 'name' is not defined
Traceback (most recent call last):
  File "C:\Users\USER\Downloads\renpy-8.3.2-sdk.7z\renpy-8.3.2-sdk\renpy\execution.py", line 599, in run
    node.execute()
  File "C:\Users\USER\Downloads\renpy-8.3.2-sdk.7z\renpy-8.3.2-sdk\renpy\ast.py", line 2573, in execute
    Say.execute(self)
  File "C:\Users\USER\Downloads\renpy-8.3.2-sdk.7z\renpy-8.3.2-sdk\renpy\ast.py", line 615, in execute
    renpy.exports.say(who, what, *args, **kwargs)
  File "C:\Users\USER\Downloads\renpy-8.3.2-sdk.7z\renpy-8.3.2-sdk\renpy\exports\sayexports.py", line 132, in say
    who(what, *args, **kwargs)
  File "C:\Users\USER\Downloads\renpy-8.3.2-sdk.7z\renpy-8.3.2-sdk\renpy\character.py", line 1438, in __call__
    who = self.prefix_suffix("who", self.who_prefix, who, self.who_suffix)
  File "C:\Users\USER\Downloads\renpy-8.3.2-sdk.7z\renpy-8.3.2-sdk\renpy\character.py", line 1354, in prefix_suffix
    return (sub(prefix) + sub(body) + sub(suffix))
  File "C:\Users\USER\Downloads\renpy-8.3.2-sdk.7z\renpy-8.3.2-sdk\renpy\character.py", line 1334, in sub
    return renpy.substitutions.substitute(s, scope=scope, force=force, translate=translate)[0]
  File "C:\Users\USER\Downloads\renpy-8.3.2-sdk.7z\renpy-8.3.2-sdk\renpy\substitutions.py", line 373, in substitute
    s = interpolate(s, variables) # type: ignore
  File "C:\Users\USER\Downloads\renpy-8.3.2-sdk.7z\renpy-8.3.2-sdk\renpy\substitutions.py", line 86, in interpolate
    raise e
  File "C:\Users\USER\Downloads\renpy-8.3.2-sdk.7z\renpy-8.3.2-sdk\renpy\substitutions.py", line 78, in interpolate
    value = renpy.python.py_eval(code, {}, scope)
  File "C:\Users\USER\Downloads\renpy-8.3.2-sdk.7z\renpy-8.3.2-sdk\renpy\python.py", line 1209, in py_eval
    return py_eval_bytecode(code, globals, locals)
  File "C:\Users\USER\Downloads\renpy-8.3.2-sdk.7z\renpy-8.3.2-sdk\renpy\python.py", line 1202, in py_eval_bytecode
    return eval(bytecode, globals, locals)
  File "<none>", line 1, in <module>
NameError: name 'name' is not defined

During handling of the above exception, another exception occurred:

Traceback (most recent call last):
  File "renpy/common/00console.rpy", line 696, in run
    he.result = command_fn(l)
  File "renpy/common/00console.rpy", line 1028, in jump
    raise Exception("Ren'Py script not enabled. Not jumping.")
Exception: Ren'Py script not enabled. Not jumping.
Screen sizes: virtual=(1920, 1080) physical=(1920, 1051) drawable=(1920, 1051)
Maximum texture size: 4096x4096
Screen sizes: virtual=(1920, 1080) physical=(1920, 1051) drawable=(1920, 1051)
Maximum texture size: 4096x4096
Traceback (most recent call last):
  File "C:\Users\USER\Downloads\renpy-8.3.2-sdk.7z\renpy-8.3.2-sdk\renpy\execution.py", line 599, in run
    node.execute()
  File "C:\Users\USER\Downloads\renpy-8.3.2-sdk.7z\renpy-8.3.2-sdk\renpy\ast.py", line 2573, in execute
    Say.execute(self)
  File "C:\Users\USER\Downloads\renpy-8.3.2-sdk.7z\renpy-8.3.2-sdk\renpy\ast.py", line 615, in execute
    renpy.exports.say(who, what, *args, **kwargs)
  File "C:\Users\USER\Downloads\renpy-8.3.2-sdk.7z\renpy-8.3.2-sdk\renpy\exports\sayexports.py", line 132, in say
    who(what, *args, **kwargs)
  File "C:\Users\USER\Downloads\renpy-8.3.2-sdk.7z\renpy-8.3.2-sdk\renpy\character.py", line 1438, in __call__
    who = self.prefix_suffix("who", self.who_prefix, who, self.who_suffix)
  File "C:\Users\USER\Downloads\renpy-8.3.2-sdk.7z\renpy-8.3.2-sdk\renpy\character.py", line 1354, in prefix_suffix
    return (sub(prefix) + sub(body) + sub(suffix))
  File "C:\Users\USER\Downloads\renpy-8.3.2-sdk.7z\renpy-8.3.2-sdk\renpy\character.py", line 1334, in sub
    return renpy.substitutions.substitute(s, scope=scope, force=force, translate=translate)[0]
  File "C:\Users\USER\Downloads\renpy-8.3.2-sdk.7z\renpy-8.3.2-sdk\renpy\substitutions.py", line 373, in substitute
    s = interpolate(s, variables) # type: ignore
  File "C:\Users\USER\Downloads\renpy-8.3.2-sdk.7z\renpy-8.3.2-sdk\renpy\substitutions.py", line 86, in interpolate
    raise e
  File "C:\Users\USER\Downloads\renpy-8.3.2-sdk.7z\renpy-8.3.2-sdk\renpy\substitutions.py", line 78, in interpolate
    value = renpy.python.py_eval(code, {}, scope)
  File "C:\Users\USER\Downloads\renpy-8.3.2-sdk.7z\renpy-8.3.2-sdk\renpy\python.py", line 1209, in py_eval
    return py_eval_bytecode(code, globals, locals)
  File "C:\Users\USER\Downloads\renpy-8.3.2-sdk.7z\renpy-8.3.2-sdk\renpy\python.py", line 1202, in py_eval_bytecode
    return eval(bytecode, globals, locals)
  File "<none>", line 1, in <module>
NameError: name 'name' is not defined

During handling of the above exception, another exception occurred:

Traceback (most recent call last):
  File "renpy/common/00console.rpy", line 696, in run
    he.result = command_fn(l)
  File "renpy/common/00console.rpy", line 1028, in jump
    raise Exception("Ren'Py script not enabled. Not jumping.")
Exception: Ren'Py script not enabled. Not jumping.
Traceback (most recent call last):
  File "C:\Users\USER\Downloads\renpy-8.3.2-sdk.7z\renpy-8.3.2-sdk\renpy\execution.py", line 599, in run
    node.execute()
  File "C:\Users\USER\Downloads\renpy-8.3.2-sdk.7z\renpy-8.3.2-sdk\renpy\ast.py", line 2573, in execute
    Say.execute(self)
  File "C:\Users\USER\Downloads\renpy-8.3.2-sdk.7z\renpy-8.3.2-sdk\renpy\ast.py", line 615, in execute
    renpy.exports.say(who, what, *args, **kwargs)
  File "C:\Users\USER\Downloads\renpy-8.3.2-sdk.7z\renpy-8.3.2-sdk\renpy\exports\sayexports.py", line 132, in say
    who(what, *args, **kwargs)
  File "C:\Users\USER\Downloads\renpy-8.3.2-sdk.7z\renpy-8.3.2-sdk\renpy\character.py", line 1438, in __call__
    who = self.prefix_suffix("who", self.who_prefix, who, self.who_suffix)
  File "C:\Users\USER\Downloads\renpy-8.3.2-sdk.7z\renpy-8.3.2-sdk\renpy\character.py", line 1354, in prefix_suffix
    return (sub(prefix) + sub(body) + sub(suffix))
  File "C:\Users\USER\Downloads\renpy-8.3.2-sdk.7z\renpy-8.3.2-sdk\renpy\character.py", line 1334, in sub
    return renpy.substitutions.substitute(s, scope=scope, force=force, translate=translate)[0]
  File "C:\Users\USER\Downloads\renpy-8.3.2-sdk.7z\renpy-8.3.2-sdk\renpy\substitutions.py", line 373, in substitute
    s = interpolate(s, variables) # type: ignore
  File "C:\Users\USER\Downloads\renpy-8.3.2-sdk.7z\renpy-8.3.2-sdk\renpy\substitutions.py", line 86, in interpolate
    raise e
  File "C:\Users\USER\Downloads\renpy-8.3.2-sdk.7z\renpy-8.3.2-sdk\renpy\substitutions.py", line 78, in interpolate
    value = renpy.python.py_eval(code, {}, scope)
  File "C:\Users\USER\Downloads\renpy-8.3.2-sdk.7z\renpy-8.3.2-sdk\renpy\python.py", line 1209, in py_eval
    return py_eval_bytecode(code, globals, locals)
  File "C:\Users\USER\Downloads\renpy-8.3.2-sdk.7z\renpy-8.3.2-sdk\renpy\python.py", line 1202, in py_eval_bytecode
    return eval(bytecode, globals, locals)
  File "<none>", line 1, in <module>
NameError: name 'name' is not defined

During handling of the above exception, another exception occurred:

Traceback (most recent call last):
  File "renpy/common/00console.rpy", line 696, in run
    he.result = command_fn(l)
  File "renpy/common/00console.rpy", line 1028, in jump
    raise Exception("Ren'Py script not enabled. Not jumping.")
Exception: Ren'Py script not enabled. Not jumping.
Traceback (most recent call last):
  File "C:\Users\USER\Downloads\renpy-8.3.2-sdk.7z\renpy-8.3.2-sdk\renpy\execution.py", line 599, in run
    node.execute()
  File "C:\Users\USER\Downloads\renpy-8.3.2-sdk.7z\renpy-8.3.2-sdk\renpy\ast.py", line 2573, in execute
    Say.execute(self)
  File "C:\Users\USER\Downloads\renpy-8.3.2-sdk.7z\renpy-8.3.2-sdk\renpy\ast.py", line 615, in execute
    renpy.exports.say(who, what, *args, **kwargs)
  File "C:\Users\USER\Downloads\renpy-8.3.2-sdk.7z\renpy-8.3.2-sdk\renpy\exports\sayexports.py", line 132, in say
    who(what, *args, **kwargs)
  File "C:\Users\USER\Downloads\renpy-8.3.2-sdk.7z\renpy-8.3.2-sdk\renpy\character.py", line 1438, in __call__
    who = self.prefix_suffix("who", self.who_prefix, who, self.who_suffix)
  File "C:\Users\USER\Downloads\renpy-8.3.2-sdk.7z\renpy-8.3.2-sdk\renpy\character.py", line 1354, in prefix_suffix
    return (sub(prefix) + sub(body) + sub(suffix))
  File "C:\Users\USER\Downloads\renpy-8.3.2-sdk.7z\renpy-8.3.2-sdk\renpy\character.py", line 1334, in sub
    return renpy.substitutions.substitute(s, scope=scope, force=force, translate=translate)[0]
  File "C:\Users\USER\Downloads\renpy-8.3.2-sdk.7z\renpy-8.3.2-sdk\renpy\substitutions.py", line 373, in substitute
    s = interpolate(s, variables) # type: ignore
  File "C:\Users\USER\Downloads\renpy-8.3.2-sdk.7z\renpy-8.3.2-sdk\renpy\substitutions.py", line 86, in interpolate
    raise e
  File "C:\Users\USER\Downloads\renpy-8.3.2-sdk.7z\renpy-8.3.2-sdk\renpy\substitutions.py", line 78, in interpolate
    value = renpy.python.py_eval(code, {}, scope)
  File "C:\Users\USER\Downloads\renpy-8.3.2-sdk.7z\renpy-8.3.2-sdk\renpy\python.py", line 1209, in py_eval
    return py_eval_bytecode(code, globals, locals)
  File "C:\Users\USER\Downloads\renpy-8.3.2-sdk.7z\renpy-8.3.2-sdk\renpy\python.py", line 1202, in py_eval_bytecode
    return eval(bytecode, globals, locals)
  File "<none>", line 1, in <module>
NameError: name 'name' is not defined

During handling of the above exception, another exception occurred:

Traceback (most recent call last):
  File "renpy/common/00console.rpy", line 696, in run
    he.result = command_fn(l)
  File "renpy/common/00console.rpy", line 1028, in jump
    raise Exception("Ren'Py script not enabled. Not jumping.")
Exception: Ren'Py script not enabled. Not jumping.
Traceback (most recent call last):
  File "C:\Users\USER\Downloads\renpy-8.3.2-sdk.7z\renpy-8.3.2-sdk\renpy\execution.py", line 599, in run
    node.execute()
  File "C:\Users\USER\Downloads\renpy-8.3.2-sdk.7z\renpy-8.3.2-sdk\renpy\ast.py", line 2573, in execute
    Say.execute(self)
  File "C:\Users\USER\Downloads\renpy-8.3.2-sdk.7z\renpy-8.3.2-sdk\renpy\ast.py", line 615, in execute
    renpy.exports.say(who, what, *args, **kwargs)
  File "C:\Users\USER\Downloads\renpy-8.3.2-sdk.7z\renpy-8.3.2-sdk\renpy\exports\sayexports.py", line 132, in say
    who(what, *args, **kwargs)
  File "C:\Users\USER\Downloads\renpy-8.3.2-sdk.7z\renpy-8.3.2-sdk\renpy\character.py", line 1438, in __call__
    who = self.prefix_suffix("who", self.who_prefix, who, self.who_suffix)
  File "C:\Users\USER\Downloads\renpy-8.3.2-sdk.7z\renpy-8.3.2-sdk\renpy\character.py", line 1354, in prefix_suffix
    return (sub(prefix) + sub(body) + sub(suffix))
  File "C:\Users\USER\Downloads\renpy-8.3.2-sdk.7z\renpy-8.3.2-sdk\renpy\character.py", line 1334, in sub
    return renpy.substitutions.substitute(s, scope=scope, force=force, translate=translate)[0]
  File "C:\Users\USER\Downloads\renpy-8.3.2-sdk.7z\renpy-8.3.2-sdk\renpy\substitutions.py", line 373, in substitute
    s = interpolate(s, variables) # type: ignore
  File "C:\Users\USER\Downloads\renpy-8.3.2-sdk.7z\renpy-8.3.2-sdk\renpy\substitutions.py", line 86, in interpolate
    raise e
  File "C:\Users\USER\Downloads\renpy-8.3.2-sdk.7z\renpy-8.3.2-sdk\renpy\substitutions.py", line 78, in interpolate
    value = renpy.python.py_eval(code, {}, scope)
  File "C:\Users\USER\Downloads\renpy-8.3.2-sdk.7z\renpy-8.3.2-sdk\renpy\python.py", line 1209, in py_eval
    return py_eval_bytecode(code, globals, locals)
  File "C:\Users\USER\Downloads\renpy-8.3.2-sdk.7z\renpy-8.3.2-sdk\renpy\python.py", line 1202, in py_eval_bytecode
    return eval(bytecode, globals, locals)
  File "<none>", line 1, in <module>
NameError: name 'name' is not defined

During handling of the above exception, another exception occurred:

Traceback (most recent call last):
  File "renpy/common/00console.rpy", line 696, in run
    he.result = command_fn(l)
  File "renpy/common/00console.rpy", line 1028, in jump
    raise Exception("Ren'Py script not enabled. Not jumping.")
Exception: Ren'Py script not enabled. Not jumping.

Full traceback:
  File "game/act1.rpy", line 11, in script
    player "接下來要幹嘛呢？"
  File "C:\Users\USER\Downloads\renpy-8.3.2-sdk.7z\renpy-8.3.2-sdk\renpy\ast.py", line 2573, in execute
    Say.execute(self)
  File "C:\Users\USER\Downloads\renpy-8.3.2-sdk.7z\renpy-8.3.2-sdk\renpy\ast.py", line 615, in execute
    renpy.exports.say(who, what, *args, **kwargs)
  File "C:\Users\USER\Downloads\renpy-8.3.2-sdk.7z\renpy-8.3.2-sdk\renpy\exports\sayexports.py", line 132, in say
    who(what, *args, **kwargs)
  File "C:\Users\USER\Downloads\renpy-8.3.2-sdk.7z\renpy-8.3.2-sdk\renpy\character.py", line 1438, in __call__
    who = self.prefix_suffix("who", self.who_prefix, who, self.who_suffix)
  File "C:\Users\USER\Downloads\renpy-8.3.2-sdk.7z\renpy-8.3.2-sdk\renpy\character.py", line 1354, in prefix_suffix
    return (sub(prefix) + sub(body) + sub(suffix))
  File "C:\Users\USER\Downloads\renpy-8.3.2-sdk.7z\renpy-8.3.2-sdk\renpy\character.py", line 1334, in sub
    return renpy.substitutions.substitute(s, scope=scope, force=force, translate=translate)[0]
  File "C:\Users\USER\Downloads\renpy-8.3.2-sdk.7z\renpy-8.3.2-sdk\renpy\substitutions.py", line 373, in substitute
    s = interpolate(s, variables) # type: ignore
  File "C:\Users\USER\Downloads\renpy-8.3.2-sdk.7z\renpy-8.3.2-sdk\renpy\substitutions.py", line 86, in interpolate
    raise e
  File "C:\Users\USER\Downloads\renpy-8.3.2-sdk.7z\renpy-8.3.2-sdk\renpy\substitutions.py", line 78, in interpolate
    value = renpy.python.py_eval(code, {}, scope)
  File "C:\Users\USER\Downloads\renpy-8.3.2-sdk.7z\renpy-8.3.2-sdk\renpy\python.py", line 1209, in py_eval
    return py_eval_bytecode(code, globals, locals)
  File "C:\Users\USER\Downloads\renpy-8.3.2-sdk.7z\renpy-8.3.2-sdk\renpy\python.py", line 1202, in py_eval_bytecode
    return eval(bytecode, globals, locals)
  File "<none>", line 1, in <module>
NameError: name 'name' is not defined

While running game code:
  File "game/act1.rpy", line 11, in script
    player "接下來要幹嘛呢？"
NameError: name 'name' is not defined
Cleaning stores took 0.00s
Init translation took 0.00s
Build styles took 0.00s
Load screen analysis took 0.02s
Analyze screens took 0.00s
Prepare screens took 0.00s
Running _start took 0.00s
Screen sizes: virtual=(1920, 1080) physical=(1920, 1051) drawable=(1920, 1051)
Maximum texture size: 4096x4096
Resetting cache.
Early init took 527.68s
Loading error handling took 0.02s
Loading script took 0.15s
Loading save slot metadata took 0.04s
Loading persistent took 0.00s
Running init code took 0.04s
Loading analysis data took 0.01s
Analyze and compile ATL took 0.00s
Reloading save slot metadata took 0.03s
Index archives took 0.00s
Backing up script files to 'C:\\Users\\USER\\AppData\\Roaming/RenPy/backups\\game name here':
Dump and make backups took 0.07s
Cleaning cache took 0.00s
Making clean stores took 0.00s
Initial gc took 0.07s
DPI scale factor: 1.250000
nvdrs: Loaded, about to disable thread optimizations.
nvdrs: Disabled thread optimizations.
Creating interface object took 0.26s
Cleaning stores took 0.00s
Init translation took 0.05s
Build styles took 0.00s
Load screen analysis took 0.00s
Analyze screens took 0.01s
Save screen analysis took 0.02s
Prepare screens took 0.09s
Save pyanalysis. took 0.02s
Save bytecode. took 0.02s
Running _start took 0.00s
Interface start took 0.25s

Initializing gl2 renderer:
primary display bounds: (0, 0, 1920, 1080)
swap interval: 1 frames
Windowed mode.
Vendor: "b'NVIDIA Corporation'"
Renderer: b'NVIDIA GeForce RTX 3050 Laptop GPU/PCIe/SSE2'
Version: b'4.6.0 NVIDIA 566.03'
Display Info: None
Screen sizes: virtual=(1920, 1080) physical=(1867, 1050) drawable=(1867, 1050)
Maximum texture size: 4096x4096
Resetting cache.
Early init took 573.54s
Loading error handling took 0.02s
Loading script took 0.18s
Loading save slot metadata took 0.03s
Loading persistent took 0.00s
Running init code took 0.04s
Loading analysis data took 0.02s
Analyze and compile ATL took 0.00s
Reloading save slot metadata took 0.03s
Index archives took 0.00s
Backing up script files to 'C:\\Users\\USER\\AppData\\Roaming/RenPy/backups\\game name here':
Dump and make backups took 0.06s
Cleaning cache took 0.00s
Making clean stores took 0.00s
Initial gc took 0.05s
DPI scale factor: 1.250000
nvdrs: Loaded, about to disable thread optimizations.
nvdrs: Disabled thread optimizations.
Creating interface object took 0.25s
Cleaning stores took 0.00s
Init translation took 0.04s
Build styles took 0.00s
Load screen analysis took 0.00s
Analyze screens took 0.01s
Save screen analysis took 0.02s
Prepare screens took 0.08s
Save pyanalysis. took 0.02s
Save bytecode. took 0.02s
Running _start took 0.00s
Interface start took 0.22s

Initializing gl2 renderer:
primary display bounds: (0, 0, 1920, 1080)
swap interval: 1 frames
Windowed mode.
Vendor: "b'NVIDIA Corporation'"
Renderer: b'NVIDIA GeForce RTX 3050 Laptop GPU/PCIe/SSE2'
Version: b'4.6.0 NVIDIA 566.03'
Display Info: None
Screen sizes: virtual=(1920, 1080) physical=(1866, 1050) drawable=(1866, 1050)
Maximum texture size: 4096x4096
Resetting cache.
Early init took 608.82s
Loading error handling took 0.02s
Loading script took 0.16s
Loading save slot metadata took 0.03s
Loading persistent took 0.00s
Running init code took 0.04s
Loading analysis data took 0.02s
Analyze and compile ATL took 0.00s
Reloading save slot metadata took 0.03s
Index archives took 0.00s
Backing up script files to 'C:\\Users\\USER\\AppData\\Roaming/RenPy/backups\\game name here':
Dump and make backups took 0.06s
Cleaning cache took 0.00s
Making clean stores took 0.00s
Initial gc took 0.06s
DPI scale factor: 1.250000
nvdrs: Loaded, about to disable thread optimizations.
nvdrs: Disabled thread optimizations.
Creating interface object took 0.28s
Cleaning stores took 0.00s
Init translation took 0.04s
Build styles took 0.00s
Load screen analysis took 0.00s
Analyze screens took 0.01s
Save screen analysis took 0.02s
Prepare screens took 0.08s
Save pyanalysis. took 0.02s
Save bytecode. took 0.02s
Running _start took 0.00s
Interface start took 0.24s

Initializing gl2 renderer:
primary display bounds: (0, 0, 1920, 1080)
swap interval: 1 frames
Windowed mode.
Vendor: "b'NVIDIA Corporation'"
Renderer: b'NVIDIA GeForce RTX 3050 Laptop GPU/PCIe/SSE2'
Version: b'4.6.0 NVIDIA 566.03'
Display Info: None
Screen sizes: virtual=(1920, 1080) physical=(1865, 1049) drawable=(1865, 1049)
Maximum texture size: 4096x4096
Resetting cache.
Early init took 628.78s
Loading error handling took 0.02s
Loading script took 0.16s
Loading save slot metadata took 0.03s
Loading persistent took 0.00s
Running init code took 0.04s
Loading analysis data took 0.02s
Analyze and compile ATL took 0.00s
Reloading save slot metadata took 0.03s
Index archives took 0.00s
Backing up script files to 'C:\\Users\\USER\\AppData\\Roaming/RenPy/backups\\game name here':
Dump and make backups took 0.06s
Cleaning cache took 0.00s
Making clean stores took 0.00s
Initial gc took 0.06s
DPI scale factor: 1.250000
nvdrs: Loaded, about to disable thread optimizations.
nvdrs: Disabled thread optimizations.
Creating interface object took 0.26s
Cleaning stores took 0.00s
Init translation took 0.04s
Build styles took 0.00s
Load screen analysis took 0.00s
Analyze screens took 0.01s
Save screen analysis took 0.02s
Prepare screens took 0.07s
Save pyanalysis. took 0.02s
Save bytecode. took 0.02s
Running _start took 0.00s
Interface start took 0.20s

Initializing gl2 renderer:
primary display bounds: (0, 0, 1920, 1080)
swap interval: 1 frames
Windowed mode.
Vendor: "b'NVIDIA Corporation'"
Renderer: b'NVIDIA GeForce RTX 3050 Laptop GPU/PCIe/SSE2'
Version: b'4.6.0 NVIDIA 566.03'
Display Info: None
Screen sizes: virtual=(1920, 1080) physical=(1864, 1049) drawable=(1864, 1049)
Maximum texture size: 4096x4096
Resetting cache.
Early init took 799.56s
Loading error handling took 0.02s
Loading script took 0.15s
Loading save slot metadata took 0.03s
Loading persistent took 0.00s
Running init code took 0.05s
Loading analysis data took 0.02s
Analyze and compile ATL took 0.00s
Reloading save slot metadata took 0.03s
Index archives took 0.00s
Backing up script files to 'C:\\Users\\USER\\AppData\\Roaming/RenPy/backups\\game name here':
Dump and make backups took 0.06s
Cleaning cache took 0.00s
Making clean stores took 0.00s
Initial gc took 0.05s
DPI scale factor: 1.250000
nvdrs: Loaded, about to disable thread optimizations.
nvdrs: Disabled thread optimizations.
Creating interface object took 0.27s
Cleaning stores took 0.00s
Init translation took 0.04s
Build styles took 0.00s
Load screen analysis took 0.00s
Analyze screens took 0.01s
Save screen analysis took 0.02s
Prepare screens took 0.10s
Save pyanalysis. took 0.02s
Save bytecode. took 0.02s
Running _start took 0.00s
Interface start took 0.24s

Initializing gl2 renderer:
primary display bounds: (0, 0, 1920, 1080)
swap interval: 1 frames
Windowed mode.
Vendor: "b'NVIDIA Corporation'"
Renderer: b'NVIDIA GeForce RTX 3050 Laptop GPU/PCIe/SSE2'
Version: b'4.6.0 NVIDIA 566.03'
Display Info: None
Screen sizes: virtual=(1920, 1080) physical=(1864, 1048) drawable=(1864, 1048)
Maximum texture size: 4096x4096
Resetting cache.
Early init took 814.98s
Loading error handling took 0.03s
Loading script took 0.16s
Loading save slot metadata took 0.03s
Loading persistent took 0.00s
Running init code took 0.04s
Loading analysis data took 0.03s
Analyze and compile ATL took 0.00s
Reloading save slot metadata took 0.04s
Index archives took 0.00s
Backing up script files to 'C:\\Users\\USER\\AppData\\Roaming/RenPy/backups\\game name here':
Dump and make backups took 0.06s
Cleaning cache took 0.00s
Making clean stores took 0.00s
Initial gc took 0.05s
DPI scale factor: 1.250000
nvdrs: Loaded, about to disable thread optimizations.
nvdrs: Disabled thread optimizations.
Creating interface object took 0.31s
Cleaning stores took 0.00s
Init translation took 0.05s
Build styles took 0.00s
Load screen analysis took 0.00s
Analyze screens took 0.01s
Save screen analysis took 0.02s
Prepare screens took 0.07s
Save pyanalysis. took 0.02s
Save bytecode. took 0.02s
Running _start took 0.00s
Interface start took 0.22s

Initializing gl2 renderer:
primary display bounds: (0, 0, 1920, 1080)
swap interval: 1 frames
Windowed mode.
Vendor: "b'NVIDIA Corporation'"
Renderer: b'NVIDIA GeForce RTX 3050 Laptop GPU/PCIe/SSE2'
Version: b'4.6.0 NVIDIA 566.03'
Display Info: None
Screen sizes: virtual=(1920, 1080) physical=(1862, 1048) drawable=(1862, 1048)
Maximum texture size: 4096x4096
Resetting cache.
Early init took 993.19s
Loading error handling took 0.02s
Loading script took 0.16s
Loading save slot metadata took 0.03s
Loading persistent took 0.00s
Running init code took 0.06s
Loading analysis data took 0.02s
Analyze and compile ATL took 0.00s
Reloading save slot metadata took 0.03s
Index archives took 0.00s
Backing up script files to 'C:\\Users\\USER\\AppData\\Roaming/RenPy/backups\\game name here':
Dump and make backups took 0.07s
Cleaning cache took 0.00s
Making clean stores took 0.00s
Initial gc took 0.06s
DPI scale factor: 1.250000
nvdrs: Loaded, about to disable thread optimizations.
nvdrs: Disabled thread optimizations.
Creating interface object took 0.31s
Cleaning stores took 0.00s
Init translation took 0.05s
Build styles took 0.00s
Load screen analysis took 0.00s
Analyze screens took 0.02s
Save screen analysis took 0.02s
Prepare screens took 0.08s
Save pyanalysis. took 0.02s
Save bytecode. took 0.02s
Running _start took 0.00s
Interface start took 0.22s

Initializing gl2 renderer:
primary display bounds: (0, 0, 1920, 1080)
swap interval: 1 frames
Windowed mode.
Vendor: "b'NVIDIA Corporation'"
Renderer: b'NVIDIA GeForce RTX 3050 Laptop GPU/PCIe/SSE2'
Version: b'4.6.0 NVIDIA 566.03'
Display Info: None
Screen sizes: virtual=(1920, 1080) physical=(1861, 1047) drawable=(1861, 1047)
Maximum texture size: 4096x4096
Resetting cache.
Early init took 1063.72s
Loading error handling took 0.02s
Loading script took 0.18s
Loading save slot metadata took 0.03s
Loading persistent took 0.00s
Running init code took 0.04s
Loading analysis data took 0.02s
Analyze and compile ATL took 0.00s
Reloading save slot metadata took 0.03s
Index archives took 0.00s
Backing up script files to 'C:\\Users\\USER\\AppData\\Roaming/RenPy/backups\\game name here':
Dump and make backups took 0.06s
Cleaning cache took 0.00s
Making clean stores took 0.00s
Initial gc took 0.05s
DPI scale factor: 1.250000
nvdrs: Loaded, about to disable thread optimizations.
nvdrs: Disabled thread optimizations.
Creating interface object took 0.25s
Cleaning stores took 0.00s
Init translation took 0.05s
Build styles took 0.00s
Load screen analysis took 0.00s
Analyze screens took 0.01s
Save screen analysis took 0.02s
Prepare screens took 0.08s
Save pyanalysis. took 0.02s
Save bytecode. took 0.02s
Running _start took 0.00s
Interface start took 0.22s

Initializing gl2 renderer:
primary display bounds: (0, 0, 1920, 1080)
swap interval: 1 frames
Windowed mode.
Vendor: "b'NVIDIA Corporation'"
Renderer: b'NVIDIA GeForce RTX 3050 Laptop GPU/PCIe/SSE2'
Version: b'4.6.0 NVIDIA 566.03'
Display Info: None
Screen sizes: virtual=(1920, 1080) physical=(1860, 1046) drawable=(1860, 1046)
Maximum texture size: 4096x4096
Resetting cache.
Early init took 1111.66s
Loading error handling took 0.02s
Loading script took 0.15s
Loading save slot metadata took 0.03s
Loading persistent took 0.00s
Running init code took 0.04s
Loading analysis data took 0.02s
Analyze and compile ATL took 0.00s
Reloading save slot metadata took 0.03s
Index archives took 0.00s
Backing up script files to 'C:\\Users\\USER\\AppData\\Roaming/RenPy/backups\\game name here':
Dump and make backups took 0.06s
Cleaning cache took 0.00s
Making clean stores took 0.00s
Initial gc took 0.05s
DPI scale factor: 1.250000
nvdrs: Loaded, about to disable thread optimizations.
nvdrs: Disabled thread optimizations.
Creating interface object took 0.27s
Cleaning stores took 0.00s
Init translation took 0.04s
Build styles took 0.00s
Load screen analysis took 0.00s
Analyze screens took 0.01s
Save screen analysis took 0.02s
Prepare screens took 0.07s
Save pyanalysis. took 0.02s
Save bytecode. took 0.02s
Running _start took 0.00s
Interface start took 0.20s

Initializing gl2 renderer:
primary display bounds: (0, 0, 1920, 1080)
swap interval: 1 frames
Windowed mode.
Vendor: "b'NVIDIA Corporation'"
Renderer: b'NVIDIA GeForce RTX 3050 Laptop GPU/PCIe/SSE2'
Version: b'4.6.0 NVIDIA 566.03'
Display Info: None
Screen sizes: virtual=(1920, 1080) physical=(1858, 1045) drawable=(1858, 1045)
Maximum texture size: 4096x4096
Resetting cache.
Early init took 1220.06s
Loading error handling took 0.08s
Loading script took 1.55s
Loading save slot metadata took 0.17s
Loading persistent took 0.00s

File "game/act1.rpy", line 41: Line is indented, but the preceding scene statement statement does not expect a block. Please check this line's indentation. You may have forgotten a colon (:).
    zoom 3
    ^
DPI scale factor: 1.250000
nvdrs: Loaded, about to disable thread optimizations.
nvdrs: Disabled thread optimizations.
Interface start took 0.44s

Initializing gl2 renderer:
primary display bounds: (0, 0, 1920, 1080)
swap interval: 1 frames
Windowed mode.
Vendor: "b'NVIDIA Corporation'"
Renderer: b'NVIDIA GeForce RTX 3050 Laptop GPU/PCIe/SSE2'
Version: b'4.6.0 NVIDIA 566.03'
Display Info: None
Screen sizes: virtual=(1920, 1080) physical=(1858, 1045) drawable=(1858, 1045)
Maximum texture size: 4096x4096
Resetting cache.
Early init took 1226.26s
Loading error handling took 0.02s
Loading script took 0.20s
Loading save slot metadata took 0.03s
Loading persistent took 0.00s

File "game/act1.rpy", line 41: Line is indented, but the preceding scene statement statement does not expect a block. Please check this line's indentation. You may have forgotten a colon (:).
    zoom 3
    ^
DPI scale factor: 1.250000
nvdrs: Loaded, about to disable thread optimizations.
nvdrs: Disabled thread optimizations.
Interface start took 0.44s

Initializing gl2 renderer:
primary display bounds: (0, 0, 1920, 1080)
swap interval: 1 frames
Windowed mode.
Vendor: "b'NVIDIA Corporation'"
Renderer: b'NVIDIA GeForce RTX 3050 Laptop GPU/PCIe/SSE2'
Version: b'4.6.0 NVIDIA 566.03'
Display Info: None
Screen sizes: virtual=(1920, 1080) physical=(1858, 1045) drawable=(1858, 1045)
Maximum texture size: 4096x4096
Resetting cache.
Early init took 1236.97s
Loading error handling took 0.02s
Loading script took 0.15s
Loading save slot metadata took 0.03s
Loading persistent took 0.00s
Running init code took 0.21s
Loading analysis data took 0.02s
Analyze and compile ATL took 0.00s
Reloading save slot metadata took 0.13s
Index archives took 0.00s
Backing up script files to 'C:\\Users\\USER\\AppData\\Roaming/RenPy/backups\\game name here':
Dump and make backups took 0.06s
Cleaning cache took 0.00s
Making clean stores took 0.00s
Initial gc took 0.04s
DPI scale factor: 1.250000
nvdrs: Loaded, about to disable thread optimizations.
nvdrs: Disabled thread optimizations.
Creating interface object took 0.26s
Cleaning stores took 0.00s
Init translation took 0.04s
Build styles took 0.00s
Load screen analysis took 0.01s
Analyze screens took 0.01s
Save screen analysis took 0.02s
Prepare screens took 0.08s
Save pyanalysis. took 0.02s
Save bytecode. took 0.02s
Running _start took 0.00s
Interface start took 0.19s

Initializing gl2 renderer:
primary display bounds: (0, 0, 1920, 1080)
swap interval: 1 frames
Windowed mode.
Vendor: "b'NVIDIA Corporation'"
Renderer: b'NVIDIA GeForce RTX 3050 Laptop GPU/PCIe/SSE2'
Version: b'4.6.0 NVIDIA 566.03'
Display Info: None
Screen sizes: virtual=(1920, 1080) physical=(1858, 1045) drawable=(1858, 1045)
Maximum texture size: 4096x4096
Resetting cache.
Early init took 1339.22s
Loading error handling took 0.02s
Loading script took 0.14s
Loading save slot metadata took 0.03s
Loading persistent took 0.00s
Running init code took 0.04s
Loading analysis data took 0.02s
Analyze and compile ATL took 0.00s
Reloading save slot metadata took 0.03s
Index archives took 0.00s
Backing up script files to 'C:\\Users\\USER\\AppData\\Roaming/RenPy/backups\\game name here':
Dump and make backups took 0.06s
Cleaning cache took 0.00s
Making clean stores took 0.00s
Initial gc took 0.05s
DPI scale factor: 1.250000
nvdrs: Loaded, about to disable thread optimizations.
nvdrs: Disabled thread optimizations.
Creating interface object took 0.25s
Cleaning stores took 0.00s
Init translation took 0.04s
Build styles took 0.00s
Load screen analysis took 0.00s
Analyze screens took 0.01s
Save screen analysis took 0.02s
Prepare screens took 0.07s
Save pyanalysis. took 0.02s
Save bytecode. took 0.02s
Running _start took 0.00s
Interface start took 0.23s

Initializing gl2 renderer:
primary display bounds: (0, 0, 1920, 1080)
swap interval: 1 frames
Windowed mode.
Vendor: "b'NVIDIA Corporation'"
Renderer: b'NVIDIA GeForce RTX 3050 Laptop GPU/PCIe/SSE2'
Version: b'4.6.0 NVIDIA 566.03'
Display Info: None
Screen sizes: virtual=(1920, 1080) physical=(1858, 1045) drawable=(1858, 1045)
Maximum texture size: 4096x4096

Full traceback:
  File "game/act1.rpy", line 76, in script
    scene classroom with fade(0.5,1.0,0.5):
  File "C:\Users\USER\Downloads\renpy-8.3.2-sdk.7z\renpy-8.3.2-sdk\renpy\ast.py", line 1357, in execute
    paired = renpy.python.py_eval(self.paired)
  File "C:\Users\USER\Downloads\renpy-8.3.2-sdk.7z\renpy-8.3.2-sdk\renpy\python.py", line 1209, in py_eval
    return py_eval_bytecode(code, globals, locals)
  File "C:\Users\USER\Downloads\renpy-8.3.2-sdk.7z\renpy-8.3.2-sdk\renpy\python.py", line 1202, in py_eval_bytecode
    return eval(bytecode, globals, locals)
  File "game/act1.rpy", line 76, in <module>
    scene classroom with fade(0.5,1.0,0.5):
  File "C:\Users\USER\Downloads\renpy-8.3.2-sdk.7z\renpy-8.3.2-sdk\renpy\display\transition.py", line 243, in Fade
    widget = renpy.display.image.Solid(color)
  File "C:\Users\USER\Downloads\renpy-8.3.2-sdk.7z\renpy-8.3.2-sdk\renpy\display\imagelike.py", line 51, in __init__
    self.color = renpy.easy.color(color)
  File "C:\Users\USER\Downloads\renpy-8.3.2-sdk.7z\renpy-8.3.2-sdk\renpy\color.py", line 172, in __new__
    c = tuple(c)
TypeError: 'float' object is not iterable

While running game code:
  File "game/act1.rpy", line 76, in script
    scene classroom with fade(0.5,1.0,0.5):
  File "game/act1.rpy", line 76, in <module>
    scene classroom with fade(0.5,1.0,0.5):
TypeError: 'float' object is not iterable
Resetting cache.
Early init took 1497.42s
Loading error handling took 0.02s
Loading script took 0.13s
Loading save slot metadata took 0.03s
Loading persistent took 0.00s
Running init code took 0.04s
Loading analysis data took 0.02s
Analyze and compile ATL took 0.00s
Reloading save slot metadata took 0.03s
Index archives took 0.00s
Dump and make backups took 0.05s
Cleaning cache took 0.00s
Making clean stores took 0.00s
Initial gc took 0.06s
DPI scale factor: 1.250000
nvdrs: Loaded, about to disable thread optimizations.
nvdrs: Disabled thread optimizations.
Creating interface object took 0.28s
Cleaning stores took 0.00s
Init translation took 0.04s
Build styles took 0.00s
Load screen analysis took 0.03s
Analyze screens took 0.00s
Save screen analysis took 0.00s
Prepare screens took 0.07s
Save pyanalysis. took 0.00s
Save bytecode. took 0.00s
Running _start took 0.00s
Interface start took 0.22s

Initializing gl2 renderer:
primary display bounds: (0, 0, 1920, 1080)
swap interval: 1 frames
Windowed mode.
Vendor: "b'NVIDIA Corporation'"
Renderer: b'NVIDIA GeForce RTX 3050 Laptop GPU/PCIe/SSE2'
Version: b'4.6.0 NVIDIA 566.03'
Display Info: None
Screen sizes: virtual=(1920, 1080) physical=(1858, 1045) drawable=(1858, 1045)
Maximum texture size: 4096x4096

Full traceback:
  File "game/act1.rpy", line 76, in script
    scene classroom with fade(0.5,1.0,0.5):
  File "C:\Users\USER\Downloads\renpy-8.3.2-sdk.7z\renpy-8.3.2-sdk\renpy\ast.py", line 1357, in execute
    paired = renpy.python.py_eval(self.paired)
  File "C:\Users\USER\Downloads\renpy-8.3.2-sdk.7z\renpy-8.3.2-sdk\renpy\python.py", line 1209, in py_eval
    return py_eval_bytecode(code, globals, locals)
  File "C:\Users\USER\Downloads\renpy-8.3.2-sdk.7z\renpy-8.3.2-sdk\renpy\python.py", line 1202, in py_eval_bytecode
    return eval(bytecode, globals, locals)
  File "game/act1.rpy", line 76, in <module>
    scene classroom with fade(0.5,1.0,0.5):
  File "C:\Users\USER\Downloads\renpy-8.3.2-sdk.7z\renpy-8.3.2-sdk\renpy\display\transition.py", line 243, in Fade
    widget = renpy.display.image.Solid(color)
  File "C:\Users\USER\Downloads\renpy-8.3.2-sdk.7z\renpy-8.3.2-sdk\renpy\display\imagelike.py", line 51, in __init__
    self.color = renpy.easy.color(color)
  File "C:\Users\USER\Downloads\renpy-8.3.2-sdk.7z\renpy-8.3.2-sdk\renpy\color.py", line 172, in __new__
    c = tuple(c)
TypeError: 'float' object is not iterable

While running game code:
  File "game/act1.rpy", line 76, in script
    scene classroom with fade(0.5,1.0,0.5):
  File "game/act1.rpy", line 76, in <module>
    scene classroom with fade(0.5,1.0,0.5):
TypeError: 'float' object is not iterable
Resetting cache.
Early init took 1567.50s
Loading error handling took 0.02s
Loading script took 0.18s
Loading save slot metadata took 0.04s
Loading persistent took 0.00s
Running init code took 0.06s
Loading analysis data took 0.02s
Analyze and compile ATL took 0.00s
Reloading save slot metadata took 0.03s
Index archives took 0.00s
Backing up script files to 'C:\\Users\\USER\\AppData\\Roaming/RenPy/backups\\game name here':
Dump and make backups took 0.06s
Cleaning cache took 0.00s
Making clean stores took 0.00s
Initial gc took 0.07s
DPI scale factor: 1.250000
nvdrs: Loaded, about to disable thread optimizations.
nvdrs: Disabled thread optimizations.
Creating interface object took 0.28s
Cleaning stores took 0.00s
Init translation took 0.06s
Build styles took 0.00s
Load screen analysis took 0.00s
Analyze screens took 0.02s
Save screen analysis took 0.03s
Prepare screens took 0.09s
Save pyanalysis. took 0.00s
Save bytecode. took 0.02s
Running _start took 0.00s
Interface start took 0.18s

Initializing gl2 renderer:
primary display bounds: (0, 0, 1920, 1080)
swap interval: 1 frames
Windowed mode.
Vendor: "b'NVIDIA Corporation'"
Renderer: b'NVIDIA GeForce RTX 3050 Laptop GPU/PCIe/SSE2'
Version: b'4.6.0 NVIDIA 566.03'
Display Info: None
Screen sizes: virtual=(1920, 1080) physical=(1858, 1045) drawable=(1858, 1045)
Maximum texture size: 4096x4096
Resetting cache.
Early init took 1671.73s
Loading error handling took 0.03s
Loading script took 0.17s
Loading save slot metadata took 0.03s
Loading persistent took 0.00s
Running init code took 0.04s
Loading analysis data took 0.02s
Analyze and compile ATL took 0.00s
Reloading save slot metadata took 0.03s
Index archives took 0.00s
Backing up script files to 'C:\\Users\\USER\\AppData\\Roaming/RenPy/backups\\game name here':
Dump and make backups took 0.06s
Cleaning cache took 0.00s
Making clean stores took 0.00s
Initial gc took 0.06s
DPI scale factor: 1.250000
nvdrs: Loaded, about to disable thread optimizations.
nvdrs: Disabled thread optimizations.
Creating interface object took 0.29s
Cleaning stores took 0.00s
Init translation took 0.05s
Build styles took 0.00s
Load screen analysis took 0.00s
Analyze screens took 0.01s
Save screen analysis took 0.02s
Prepare screens took 0.08s
Save pyanalysis. took 0.00s
Save bytecode. took 0.02s
Running _start took 0.00s
Interface start took 0.20s

Initializing gl2 renderer:
primary display bounds: (0, 0, 1920, 1080)
swap interval: 1 frames
Windowed mode.
Vendor: "b'NVIDIA Corporation'"
Renderer: b'NVIDIA GeForce RTX 3050 Laptop GPU/PCIe/SSE2'
Version: b'4.6.0 NVIDIA 566.03'
Display Info: None
Screen sizes: virtual=(1920, 1080) physical=(1858, 1045) drawable=(1858, 1045)
Maximum texture size: 4096x4096
Resetting cache.
Early init took 1728.43s
Loading error handling took 0.02s
Loading script took 0.16s
Loading save slot metadata took 0.03s
Loading persistent took 0.00s
Running init code took 0.05s
Loading analysis data took 0.02s
Analyze and compile ATL took 0.00s
Reloading save slot metadata took 0.03s
Index archives took 0.00s
Backing up script files to 'C:\\Users\\USER\\AppData\\Roaming/RenPy/backups\\game name here':
Dump and make backups took 0.06s
Cleaning cache took 0.00s
Making clean stores took 0.00s
Initial gc took 0.06s
DPI scale factor: 1.250000
nvdrs: Loaded, about to disable thread optimizations.
nvdrs: Disabled thread optimizations.
Creating interface object took 0.26s
Cleaning stores took 0.00s
Init translation took 0.04s
Build styles took 0.00s
Load screen analysis took 0.00s
Analyze screens took 0.01s
Save screen analysis took 0.02s
Prepare screens took 0.08s
Save pyanalysis. took 0.02s
Save bytecode. took 0.02s
Running _start took 0.00s
Interface start took 0.20s

Initializing gl2 renderer:
primary display bounds: (0, 0, 1920, 1080)
swap interval: 1 frames
Windowed mode.
Vendor: "b'NVIDIA Corporation'"
Renderer: b'NVIDIA GeForce RTX 3050 Laptop GPU/PCIe/SSE2'
Version: b'4.6.0 NVIDIA 566.03'
Display Info: None
Screen sizes: virtual=(1920, 1080) physical=(1858, 1045) drawable=(1858, 1045)
Maximum texture size: 4096x4096
Resetting cache.
Early init took 2118.03s
Loading error handling took 0.02s
Loading script took 0.15s
Loading save slot metadata took 0.03s
Loading persistent took 0.00s
Running init code took 0.04s
Loading analysis data took 0.02s
Analyze and compile ATL took 0.00s
Reloading save slot metadata took 0.03s
Index archives took 0.00s
Backing up script files to 'C:\\Users\\USER\\AppData\\Roaming/RenPy/backups\\game name here':
Dump and make backups took 0.06s
Cleaning cache took 0.00s
Making clean stores took 0.00s
Initial gc took 0.06s
DPI scale factor: 1.250000
nvdrs: Loaded, about to disable thread optimizations.
nvdrs: Disabled thread optimizations.
Creating interface object took 0.28s
Cleaning stores took 0.00s
Init translation took 0.04s
Build styles took 0.00s
Load screen analysis took 0.00s
Analyze screens took 0.01s
Save screen analysis took 0.02s
Prepare screens took 0.08s
Save pyanalysis. took 0.00s
Save bytecode. took 0.02s
Running _start took 0.00s
Interface start took 0.20s

Initializing gl2 renderer:
primary display bounds: (0, 0, 1920, 1080)
swap interval: 1 frames
Windowed mode.
Vendor: "b'NVIDIA Corporation'"
Renderer: b'NVIDIA GeForce RTX 3050 Laptop GPU/PCIe/SSE2'
Version: b'4.6.0 NVIDIA 566.03'
Display Info: None
Screen sizes: virtual=(1920, 1080) physical=(1858, 1045) drawable=(1858, 1045)
Maximum texture size: 4096x4096
Cleaning stores took 0.00s
Init translation took 0.00s
Build styles took 0.00s
Load screen analysis took 0.02s
Analyze screens took 0.00s
Prepare screens took 0.00s
Running _start took 0.00s
Cleaning stores took 0.00s
Init translation took 0.00s
Build styles took 0.00s
Load screen analysis took 0.02s
Analyze screens took 0.00s
Prepare screens took 0.00s
Running _start took 0.00s
Resetting cache.
Early init took 13630.91s
Loading error handling took 0.02s
Loading script took 0.12s
Loading save slot metadata took 0.02s
Loading persistent took 0.00s
Running init code took 0.03s
Loading analysis data took 0.01s
Analyze and compile ATL took 0.00s
Reloading save slot metadata took 0.02s
Index archives took 0.00s
Backing up script files to 'C:\\Users\\USER\\AppData\\Roaming/RenPy/backups\\game name here':
Dump and make backups took 0.04s
Cleaning cache took 0.00s
Making clean stores took 0.00s
Initial gc took 0.06s
DPI scale factor: 1.250000
nvdrs: Loaded, about to disable thread optimizations.
nvdrs: Disabled thread optimizations.
Creating interface object took 0.21s
Cleaning stores took 0.00s
Init translation took 0.03s
Build styles took 0.00s
Load screen analysis took 0.00s
Analyze screens took 0.01s
Save screen analysis took 0.02s
Prepare screens took 0.06s
Save pyanalysis. took 0.00s
Save bytecode. took 0.01s
Running _start took 0.00s
Interface start took 0.16s

Initializing gl2 renderer:
primary display bounds: (0, 0, 1920, 1080)
swap interval: 1 frames
Windowed mode.
Vendor: "b'NVIDIA Corporation'"
Renderer: b'NVIDIA GeForce RTX 3050 Laptop GPU/PCIe/SSE2'
Version: b'4.6.0 NVIDIA 566.03'
Display Info: None
Screen sizes: virtual=(1920, 1080) physical=(1858, 1045) drawable=(1858, 1045)
Maximum texture size: 4096x4096
Cleaning stores took 0.00s
Init translation took 0.00s
Build styles took 0.00s
Load screen analysis took 0.02s
Analyze screens took 0.00s
Prepare screens took 0.00s
Running _start took 0.00s
Resetting cache.
Early init took 13709.89s
Loading error handling took 0.02s
Loading script took 0.12s
Loading save slot metadata took 0.02s
Loading persistent took 0.00s
Running init code took 0.04s
Loading analysis data took 0.01s
Analyze and compile ATL took 0.00s
Reloading save slot metadata took 0.02s
Index archives took 0.00s
Backing up script files to 'C:\\Users\\USER\\AppData\\Roaming/RenPy/backups\\game name here':
Dump and make backups took 0.04s
Cleaning cache took 0.00s
Making clean stores took 0.00s
Initial gc took 0.06s
DPI scale factor: 1.250000
nvdrs: Loaded, about to disable thread optimizations.
nvdrs: Disabled thread optimizations.
Creating interface object took 0.22s
Cleaning stores took 0.00s
Init translation took 0.04s
Build styles took 0.00s
Load screen analysis took 0.00s
Analyze screens took 0.01s
Save screen analysis took 0.02s
Prepare screens took 0.06s
Save pyanalysis. took 0.00s
Save bytecode. took 0.01s
Running _start took 0.00s
Interface start took 0.16s

Initializing gl2 renderer:
primary display bounds: (0, 0, 1920, 1080)
swap interval: 1 frames
Windowed mode.
Vendor: "b'NVIDIA Corporation'"
Renderer: b'NVIDIA GeForce RTX 3050 Laptop GPU/PCIe/SSE2'
Version: b'4.6.0 NVIDIA 566.03'
Display Info: None
Screen sizes: virtual=(1920, 1080) physical=(1858, 1045) drawable=(1858, 1045)
Maximum texture size: 4096x4096
Cleaning stores took 0.00s
Init translation took 0.00s
Build styles took 0.00s
Load screen analysis took 0.02s
Analyze screens took 0.00s
Prepare screens took 0.00s
Running _start took 0.00s
Resetting cache.
Early init took 13794.07s
Loading error handling took 0.02s
Loading script took 0.12s
Loading save slot metadata took 0.02s
Loading persistent took 0.00s
Running init code took 0.03s
Loading analysis data took 0.02s
Analyze and compile ATL took 0.00s
Reloading save slot metadata took 0.02s
Index archives took 0.00s
Backing up script files to 'C:\\Users\\USER\\AppData\\Roaming/RenPy/backups\\game name here':
Dump and make backups took 0.04s
Cleaning cache took 0.00s
Making clean stores took 0.00s
Initial gc took 0.05s
DPI scale factor: 1.250000
nvdrs: Loaded, about to disable thread optimizations.
nvdrs: Disabled thread optimizations.
Creating interface object took 0.22s
Cleaning stores took 0.00s
Init translation took 0.04s
Build styles took 0.00s
Load screen analysis took 0.00s
Analyze screens took 0.01s
Save screen analysis took 0.02s
Prepare screens took 0.06s
Save pyanalysis. took 0.00s
Save bytecode. took 0.01s
Running _start took 0.00s
Interface start took 0.16s

Initializing gl2 renderer:
primary display bounds: (0, 0, 1920, 1080)
swap interval: 1 frames
Windowed mode.
Vendor: "b'NVIDIA Corporation'"
Renderer: b'NVIDIA GeForce RTX 3050 Laptop GPU/PCIe/SSE2'
Version: b'4.6.0 NVIDIA 566.03'
Display Info: None
Screen sizes: virtual=(1920, 1080) physical=(1858, 1045) drawable=(1858, 1045)
Maximum texture size: 4096x4096
Resetting cache.
Early init took 13801.94s
Loading error handling took 0.01s
Loading script took 0.12s
Loading save slot metadata took 0.02s
Loading persistent took 0.00s
Running init code took 0.04s
Loading analysis data took 0.01s
Analyze and compile ATL took 0.00s
Reloading save slot metadata took 0.02s
Index archives took 0.00s
Backing up script files to 'C:\\Users\\USER\\AppData\\Roaming/RenPy/backups\\game name here':
Dump and make backups took 0.06s
Cleaning cache took 0.00s
Making clean stores took 0.00s
Initial gc took 0.05s
DPI scale factor: 1.250000
nvdrs: Loaded, about to disable thread optimizations.
nvdrs: Disabled thread optimizations.
Creating interface object took 0.23s
Cleaning stores took 0.00s
Init translation took 0.04s
Build styles took 0.00s
Load screen analysis took 0.00s
Analyze screens took 0.01s
Save screen analysis took 0.02s
Prepare screens took 0.06s
Save pyanalysis. took 0.00s
Save bytecode. took 0.01s
Running _start took 0.00s
Interface start took 0.16s

Initializing gl2 renderer:
primary display bounds: (0, 0, 1920, 1080)
swap interval: 1 frames
Windowed mode.
Vendor: "b'NVIDIA Corporation'"
Renderer: b'NVIDIA GeForce RTX 3050 Laptop GPU/PCIe/SSE2'
Version: b'4.6.0 NVIDIA 566.03'
Display Info: None
Screen sizes: virtual=(1920, 1080) physical=(1858, 1045) drawable=(1858, 1045)
Maximum texture size: 4096x4096
Resetting cache.
Early init took 14051.07s
Loading error handling took 0.01s
Loading script took 0.12s
Loading save slot metadata took 0.02s
Loading persistent took 0.00s
Running init code took 0.04s
Loading analysis data took 0.02s
Analyze and compile ATL took 0.00s
Reloading save slot metadata took 0.02s
Index archives took 0.00s
Backing up script files to 'C:\\Users\\USER\\AppData\\Roaming/RenPy/backups\\game name here':
Dump and make backups took 0.05s
Cleaning cache took 0.00s
Making clean stores took 0.00s
Initial gc took 0.05s
DPI scale factor: 1.250000
nvdrs: Loaded, about to disable thread optimizations.
nvdrs: Disabled thread optimizations.
Creating interface object took 0.21s
Cleaning stores took 0.00s
Init translation took 0.03s
Build styles took 0.00s
Load screen analysis took 0.00s
Analyze screens took 0.01s
Save screen analysis took 0.02s
Prepare screens took 0.07s
Save pyanalysis. took 0.00s
Save bytecode. took 0.01s
Running _start took 0.00s
Interface start took 0.18s

Initializing gl2 renderer:
primary display bounds: (0, 0, 1920, 1080)
swap interval: 1 frames
Windowed mode.
Vendor: "b'NVIDIA Corporation'"
Renderer: b'NVIDIA GeForce RTX 3050 Laptop GPU/PCIe/SSE2'
Version: b'4.6.0 NVIDIA 566.03'
Display Info: None
Screen sizes: virtual=(1920, 1080) physical=(1858, 1045) drawable=(1858, 1045)
Maximum texture size: 4096x4096
Resetting cache.
Early init took 14055.75s
Loading error handling took 0.02s
Loading script took 0.13s
Loading save slot metadata took 0.03s
Loading persistent took 0.00s
Running init code took 0.05s
Loading analysis data took 0.02s
Analyze and compile ATL took 0.00s
Reloading save slot metadata took 0.02s
Index archives took 0.00s
Backing up script files to 'C:\\Users\\USER\\AppData\\Roaming/RenPy/backups\\game name here':
Dump and make backups took 0.05s
Cleaning cache took 0.00s
Making clean stores took 0.00s
Initial gc took 0.05s
DPI scale factor: 1.250000
nvdrs: Loaded, about to disable thread optimizations.
nvdrs: Disabled thread optimizations.
Creating interface object took 0.21s
Cleaning stores took 0.00s
Init translation took 0.04s
Build styles took 0.00s
Load screen analysis took 0.00s
Analyze screens took 0.01s
Save screen analysis took 0.02s
Prepare screens took 0.06s
Save pyanalysis. took 0.00s
Save bytecode. took 0.01s
Running _start took 0.00s
Interface start took 0.17s

Initializing gl2 renderer:
primary display bounds: (0, 0, 1920, 1080)
swap interval: 1 frames
Windowed mode.
Vendor: "b'NVIDIA Corporation'"
Renderer: b'NVIDIA GeForce RTX 3050 Laptop GPU/PCIe/SSE2'
Version: b'4.6.0 NVIDIA 566.03'
Display Info: None
Screen sizes: virtual=(1920, 1080) physical=(1858, 1045) drawable=(1858, 1045)
Maximum texture size: 4096x4096
Resetting cache.
Early init took 14222.15s
Loading error handling took 0.01s
Loading script took 0.12s
Loading save slot metadata took 0.02s
Loading persistent took 0.00s
Running init code took 0.04s
Loading analysis data took 0.01s
Analyze and compile ATL took 0.00s
Reloading save slot metadata took 0.02s
Index archives took 0.00s
Backing up script files to 'C:\\Users\\USER\\AppData\\Roaming/RenPy/backups\\game name here':
Dump and make backups took 0.05s
Cleaning cache took 0.00s
Making clean stores took 0.00s
Initial gc took 0.05s
DPI scale factor: 1.250000
nvdrs: Loaded, about to disable thread optimizations.
nvdrs: Disabled thread optimizations.
Creating interface object took 0.22s
Cleaning stores took 0.00s
Init translation took 0.04s
Build styles took 0.00s
Load screen analysis took 0.00s
Analyze screens took 0.01s
Save screen analysis took 0.02s
Prepare screens took 0.06s
Save pyanalysis. took 0.01s
Save bytecode. took 0.01s
Running _start took 0.00s
Interface start took 0.17s

Initializing gl2 renderer:
primary display bounds: (0, 0, 1920, 1080)
swap interval: 1 frames
Windowed mode.
Vendor: "b'NVIDIA Corporation'"
Renderer: b'NVIDIA GeForce RTX 3050 Laptop GPU/PCIe/SSE2'
Version: b'4.6.0 NVIDIA 566.03'
Display Info: None
Screen sizes: virtual=(1920, 1080) physical=(1858, 1045) drawable=(1858, 1045)
Maximum texture size: 4096x4096
Cleaning stores took 0.00s
Init translation took 0.00s
Build styles took 0.00s
Load screen analysis took 0.02s
Analyze screens took 0.00s
Prepare screens took 0.00s
Running _start took 0.00s
Resetting cache.
Early init took 14342.69s
Loading error handling took 0.02s
Loading script took 0.13s
Loading save slot metadata took 0.02s
Loading persistent took 0.00s
Running init code took 0.04s
Loading analysis data took 0.01s
Analyze and compile ATL took 0.00s
Reloading save slot metadata took 0.02s
Index archives took 0.00s
Backing up script files to 'C:\\Users\\USER\\AppData\\Roaming/RenPy/backups\\game name here':
Dump and make backups took 0.04s
Cleaning cache took 0.00s
Making clean stores took 0.00s
Initial gc took 0.06s
DPI scale factor: 1.250000
nvdrs: Loaded, about to disable thread optimizations.
nvdrs: Disabled thread optimizations.
Creating interface object took 0.23s
Cleaning stores took 0.00s
Init translation took 0.04s
Build styles took 0.00s
Load screen analysis took 0.00s
Analyze screens took 0.01s
Save screen analysis took 0.02s
Prepare screens took 0.06s
Save pyanalysis. took 0.02s
Save bytecode. took 0.01s
Running _start took 0.00s
Interface start took 0.19s

Initializing gl2 renderer:
primary display bounds: (0, 0, 1920, 1080)
swap interval: 1 frames
Windowed mode.
Vendor: "b'NVIDIA Corporation'"
Renderer: b'NVIDIA GeForce RTX 3050 Laptop GPU/PCIe/SSE2'
Version: b'4.6.0 NVIDIA 566.03'
Display Info: None
Screen sizes: virtual=(1920, 1080) physical=(1858, 1045) drawable=(1858, 1045)
Maximum texture size: 4096x4096
Cleaning stores took 0.00s
Init translation took 0.00s
Build styles took 0.00s
Load screen analysis took 0.02s
Analyze screens took 0.00s
Prepare screens took 0.00s
Running _start took 0.00s
Traceback (most recent call last):
  File "renpy/common/00console.rpy", line 696, in run
    he.result = command_fn(l)
  File "renpy/common/00console.rpy", line 1028, in jump
    raise Exception("Ren'Py script not enabled. Not jumping.")
Exception: Ren'Py script not enabled. Not jumping.
Traceback (most recent call last):
  File "renpy/common/00console.rpy", line 696, in run
    he.result = command_fn(l)
  File "renpy/common/00console.rpy", line 1031, in jump
    raise Exception("Label %s not found." % label)
Exception: Label clasasroom not found.
Cleaning stores took 0.00s
Init translation took 0.00s
Build styles took 0.00s
Load screen analysis took 0.02s
Analyze screens took 0.00s
Prepare screens took 0.00s
Running _start took 0.00s
Resetting cache.
Early init took 14413.28s
Loading error handling took 0.02s
Loading script took 0.12s
Loading save slot metadata took 0.02s
Loading persistent took 0.00s
Running init code took 0.03s
Loading analysis data took 0.02s
Analyze and compile ATL took 0.00s
Reloading save slot metadata took 0.02s
Index archives took 0.00s
Backing up script files to 'C:\\Users\\USER\\AppData\\Roaming/RenPy/backups\\game name here':
Dump and make backups took 0.04s
Cleaning cache took 0.00s
Making clean stores took 0.00s
Initial gc took 0.05s
DPI scale factor: 1.250000
nvdrs: Loaded, about to disable thread optimizations.
nvdrs: Disabled thread optimizations.
Creating interface object took 0.23s
Cleaning stores took 0.00s
Init translation took 0.03s
Build styles took 0.00s
Load screen analysis took 0.00s
Analyze screens took 0.01s
Save screen analysis took 0.01s
Prepare screens took 0.06s
Save pyanalysis. took 0.01s
Save bytecode. took 0.01s
Running _start took 0.00s
Interface start took 0.16s

Initializing gl2 renderer:
primary display bounds: (0, 0, 1920, 1080)
swap interval: 1 frames
Windowed mode.
Vendor: "b'NVIDIA Corporation'"
Renderer: b'NVIDIA GeForce RTX 3050 Laptop GPU/PCIe/SSE2'
Version: b'4.6.0 NVIDIA 566.03'
Display Info: None
Screen sizes: virtual=(1920, 1080) physical=(1858, 1045) drawable=(1858, 1045)
Maximum texture size: 4096x4096
Resetting cache.
Early init took 14431.87s
Loading error handling took 0.03s
Loading script took 0.14s
Loading save slot metadata took 0.02s
Loading persistent took 0.00s
Running init code took 0.04s
Loading analysis data took 0.02s
Analyze and compile ATL took 0.00s
Reloading save slot metadata took 0.02s
Index archives took 0.00s
Backing up script files to 'C:\\Users\\USER\\AppData\\Roaming/RenPy/backups\\game name here':
Dump and make backups took 0.04s
Cleaning cache took 0.00s
Making clean stores took 0.00s
Initial gc took 0.06s
DPI scale factor: 1.250000
nvdrs: Loaded, about to disable thread optimizations.
nvdrs: Disabled thread optimizations.
Creating interface object took 0.23s
Cleaning stores took 0.00s
Init translation took 0.04s
Build styles took 0.00s
Load screen analysis took 0.00s
Analyze screens took 0.01s
Save screen analysis took 0.02s
Prepare screens took 0.06s
Save pyanalysis. took 0.00s
Save bytecode. took 0.01s
Running _start took 0.00s
Interface start took 0.19s

Initializing gl2 renderer:
primary display bounds: (0, 0, 1920, 1080)
swap interval: 1 frames
Windowed mode.
Vendor: "b'NVIDIA Corporation'"
Renderer: b'NVIDIA GeForce RTX 3050 Laptop GPU/PCIe/SSE2'
Version: b'4.6.0 NVIDIA 566.03'
Display Info: None
Screen sizes: virtual=(1920, 1080) physical=(1858, 1045) drawable=(1858, 1045)
Maximum texture size: 4096x4096
Cleaning stores took 0.00s
Init translation took 0.00s
Build styles took 0.00s
Load screen analysis took 0.02s
Analyze screens took 0.00s
Prepare screens took 0.00s
Running _start took 0.00s
Resetting cache.
Early init took 14614.64s
Loading error handling took 0.02s
Loading script took 0.12s
Loading save slot metadata took 0.03s
Loading persistent took 0.00s
Running init code took 0.03s
Loading analysis data took 0.01s
Analyze and compile ATL took 0.00s
Reloading save slot metadata took 0.02s
Index archives took 0.00s
Backing up script files to 'C:\\Users\\USER\\AppData\\Roaming/RenPy/backups\\game name here':
Dump and make backups took 0.04s
Cleaning cache took 0.00s
Making clean stores took 0.00s
Initial gc took 0.06s
DPI scale factor: 1.250000
nvdrs: Loaded, about to disable thread optimizations.
nvdrs: Disabled thread optimizations.
Creating interface object took 0.22s
Cleaning stores took 0.00s
Init translation took 0.03s
Build styles took 0.00s
Load screen analysis took 0.00s
Analyze screens took 0.01s
Save screen analysis took 0.02s
Prepare screens took 0.06s
Save pyanalysis. took 0.01s
Save bytecode. took 0.01s
Running _start took 0.00s
Interface start took 0.16s

Initializing gl2 renderer:
primary display bounds: (0, 0, 1920, 1080)
swap interval: 1 frames
Windowed mode.
Vendor: "b'NVIDIA Corporation'"
Renderer: b'NVIDIA GeForce RTX 3050 Laptop GPU/PCIe/SSE2'
Version: b'4.6.0 NVIDIA 566.03'
Display Info: None
Screen sizes: virtual=(1920, 1080) physical=(1858, 1045) drawable=(1858, 1045)
Maximum texture size: 4096x4096
Resetting cache.
Early init took 14689.71s
Loading error handling took 0.02s
Loading script took 0.12s
Loading save slot metadata took 0.03s
Loading persistent took 0.00s
Running init code took 0.03s
Loading analysis data took 0.01s
Analyze and compile ATL took 0.00s
Reloading save slot metadata took 0.02s
Index archives took 0.00s
Backing up script files to 'C:\\Users\\USER\\AppData\\Roaming/RenPy/backups\\game name here':
Dump and make backups took 0.04s
Cleaning cache took 0.00s
Making clean stores took 0.00s
Initial gc took 0.05s
DPI scale factor: 1.250000
nvdrs: Loaded, about to disable thread optimizations.
nvdrs: Disabled thread optimizations.
Creating interface object took 0.22s
Cleaning stores took 0.00s
Init translation took 0.03s
Build styles took 0.00s
Load screen analysis took 0.00s
Analyze screens took 0.01s
Save screen analysis took 0.01s
Prepare screens took 0.06s
Save pyanalysis. took 0.01s
Save bytecode. took 0.01s
Running _start took 0.00s
Interface start took 0.17s

Initializing gl2 renderer:
primary display bounds: (0, 0, 1920, 1080)
swap interval: 1 frames
Windowed mode.
Vendor: "b'NVIDIA Corporation'"
Renderer: b'NVIDIA GeForce RTX 3050 Laptop GPU/PCIe/SSE2'
Version: b'4.6.0 NVIDIA 566.03'
Display Info: None
Screen sizes: virtual=(1920, 1080) physical=(1858, 1045) drawable=(1858, 1045)
Maximum texture size: 4096x4096
Resetting cache.
Early init took 14861.31s
Loading error handling took 0.02s
Loading script took 0.12s
Loading save slot metadata took 0.02s
Loading persistent took 0.00s

File "game/act1.rpy", line 90: show statement expects a non-empty block.
    show s shy at farright with move:
                                     ^
DPI scale factor: 1.250000
nvdrs: Loaded, about to disable thread optimizations.
nvdrs: Disabled thread optimizations.
Interface start took 0.45s

Initializing gl2 renderer:
primary display bounds: (0, 0, 1920, 1080)
swap interval: 1 frames
Windowed mode.
Vendor: "b'NVIDIA Corporation'"
Renderer: b'NVIDIA GeForce RTX 3050 Laptop GPU/PCIe/SSE2'
Version: b'4.6.0 NVIDIA 566.03'
Display Info: None
Screen sizes: virtual=(1920, 1080) physical=(1858, 1045) drawable=(1858, 1045)
Maximum texture size: 4096x4096
Resetting cache.
Early init took 14863.00s
Loading error handling took 0.02s
Loading script took 0.13s
Loading save slot metadata took 0.02s
Loading persistent took 0.00s

File "game/act1.rpy", line 90: show statement expects a non-empty block.
    show s shy at farright with move:
                                     ^
DPI scale factor: 1.250000
nvdrs: Loaded, about to disable thread optimizations.
nvdrs: Disabled thread optimizations.
Interface start took 0.43s

Initializing gl2 renderer:
primary display bounds: (0, 0, 1920, 1080)
swap interval: 1 frames
Windowed mode.
Vendor: "b'NVIDIA Corporation'"
Renderer: b'NVIDIA GeForce RTX 3050 Laptop GPU/PCIe/SSE2'
Version: b'4.6.0 NVIDIA 566.03'
Display Info: None
Screen sizes: virtual=(1920, 1080) physical=(1858, 1045) drawable=(1858, 1045)
Maximum texture size: 4096x4096
Resetting cache.
Early init took 14903.79s
Loading error handling took 0.02s
Loading script took 0.12s
Loading save slot metadata took 0.02s
Loading persistent took 0.00s
Running init code took 0.05s
Loading analysis data took 0.01s
Analyze and compile ATL took 0.00s
Reloading save slot metadata took 0.02s
Index archives took 0.00s
Backing up script files to 'C:\\Users\\USER\\AppData\\Roaming/RenPy/backups\\game name here':
Dump and make backups took 0.05s
Cleaning cache took 0.00s
Making clean stores took 0.00s
Initial gc took 0.04s
DPI scale factor: 1.250000
nvdrs: Loaded, about to disable thread optimizations.
nvdrs: Disabled thread optimizations.
Creating interface object took 0.21s
Cleaning stores took 0.00s
Init translation took 0.03s
Build styles took 0.00s
Load screen analysis took 0.00s
Analyze screens took 0.01s
Save screen analysis took 0.02s
Prepare screens took 0.07s
Save pyanalysis. took 0.00s
Save bytecode. took 0.02s
Running _start took 0.00s
Interface start took 0.16s

Initializing gl2 renderer:
primary display bounds: (0, 0, 1920, 1080)
swap interval: 1 frames
Windowed mode.
Vendor: "b'NVIDIA Corporation'"
Renderer: b'NVIDIA GeForce RTX 3050 Laptop GPU/PCIe/SSE2'
Version: b'4.6.0 NVIDIA 566.03'
Display Info: None
Screen sizes: virtual=(1920, 1080) physical=(1858, 1045) drawable=(1858, 1045)
Maximum texture size: 4096x4096
Resetting cache.
Early init took 14922.35s
Loading error handling took 0.08s
Loading script took 1.11s
Loading save slot metadata took 0.11s
Loading persistent took 0.00s
Running init code took 0.14s
Loading analysis data took 0.02s
Analyze and compile ATL took 0.00s
Reloading save slot metadata took 0.11s
Index archives took 0.00s
Backing up script files to 'C:\\Users\\USER\\AppData\\Roaming/RenPy/backups\\game name here':
Dump and make backups took 0.04s
Cleaning cache took 0.00s
Making clean stores took 0.00s
Initial gc took 0.05s
DPI scale factor: 1.250000
nvdrs: Loaded, about to disable thread optimizations.
nvdrs: Disabled thread optimizations.
Creating interface object took 0.22s
Cleaning stores took 0.00s
Init translation took 0.03s
Build styles took 0.00s
Load screen analysis took 0.01s
Analyze screens took 0.01s
Save screen analysis took 0.02s
Prepare screens took 0.06s
Save pyanalysis. took 0.01s
Save bytecode. took 0.01s
Running _start took 0.00s
Interface start took 0.17s

Initializing gl2 renderer:
primary display bounds: (0, 0, 1920, 1080)
swap interval: 1 frames
Windowed mode.
Vendor: "b'NVIDIA Corporation'"
Renderer: b'NVIDIA GeForce RTX 3050 Laptop GPU/PCIe/SSE2'
Version: b'4.6.0 NVIDIA 566.03'
Display Info: None
Screen sizes: virtual=(1920, 1080) physical=(1858, 1045) drawable=(1858, 1045)
Maximum texture size: 4096x4096
Resetting cache.
Early init took 14937.83s
Loading error handling took 0.07s
Loading script took 0.97s
Loading save slot metadata took 0.11s
Loading persistent took 0.00s
Running init code took 0.07s
Loading analysis data took 0.02s
Analyze and compile ATL took 0.00s
Reloading save slot metadata took 0.10s
Index archives took 0.00s
Backing up script files to 'C:\\Users\\USER\\AppData\\Roaming/RenPy/backups\\game name here':
Dump and make backups took 0.04s
Cleaning cache took 0.00s
Making clean stores took 0.00s
Initial gc took 0.05s
DPI scale factor: 1.250000
nvdrs: Loaded, about to disable thread optimizations.
nvdrs: Disabled thread optimizations.
Creating interface object took 0.23s
Cleaning stores took 0.00s
Init translation took 0.03s
Build styles took 0.00s
Load screen analysis took 0.00s
Analyze screens took 0.01s
Save screen analysis took 0.01s
Prepare screens took 0.06s
Save pyanalysis. took 0.01s
Save bytecode. took 0.01s
Running _start took 0.00s
Interface start took 0.16s

Initializing gl2 renderer:
primary display bounds: (0, 0, 1920, 1080)
swap interval: 1 frames
Windowed mode.
Vendor: "b'NVIDIA Corporation'"
Renderer: b'NVIDIA GeForce RTX 3050 Laptop GPU/PCIe/SSE2'
Version: b'4.6.0 NVIDIA 566.03'
Display Info: None
Screen sizes: virtual=(1920, 1080) physical=(1858, 1045) drawable=(1858, 1045)
Maximum texture size: 4096x4096
Resetting cache.
Early init took 14962.30s
Loading error handling took 0.02s
Loading script took 0.12s
Loading save slot metadata took 0.03s
Loading persistent took 0.00s
Running init code took 0.03s
Loading analysis data took 0.01s
Analyze and compile ATL took 0.00s
Reloading save slot metadata took 0.02s
Index archives took 0.00s
Backing up script files to 'C:\\Users\\USER\\AppData\\Roaming/RenPy/backups\\game name here':
Dump and make backups took 0.04s
Cleaning cache took 0.00s
Making clean stores took 0.00s
Initial gc took 0.05s
DPI scale factor: 1.250000
nvdrs: Loaded, about to disable thread optimizations.
nvdrs: Disabled thread optimizations.
Creating interface object took 0.24s
Cleaning stores took 0.00s
Init translation took 0.05s
Build styles took 0.00s
Load screen analysis took 0.00s
Analyze screens took 0.01s
Save screen analysis took 0.02s
Prepare screens took 0.06s
Save pyanalysis. took 0.00s
Save bytecode. took 0.02s
Running _start took 0.00s
Interface start took 0.18s

Initializing gl2 renderer:
primary display bounds: (0, 0, 1920, 1080)
swap interval: 1 frames
Windowed mode.
Vendor: "b'NVIDIA Corporation'"
Renderer: b'NVIDIA GeForce RTX 3050 Laptop GPU/PCIe/SSE2'
Version: b'4.6.0 NVIDIA 566.03'
Display Info: None
Screen sizes: virtual=(1920, 1080) physical=(1858, 1045) drawable=(1858, 1045)
Maximum texture size: 4096x4096
Resetting cache.
Early init took 15020.12s
Loading error handling took 0.02s
Loading script took 0.13s
Loading save slot metadata took 0.03s
Loading persistent took 0.00s
Running init code took 0.03s
Loading analysis data took 0.02s
Analyze and compile ATL took 0.00s
Reloading save slot metadata took 0.02s
Index archives took 0.00s
Backing up script files to 'C:\\Users\\USER\\AppData\\Roaming/RenPy/backups\\game name here':
Dump and make backups took 0.04s
Cleaning cache took 0.00s
Making clean stores took 0.00s
Initial gc took 0.05s
DPI scale factor: 1.250000
nvdrs: Loaded, about to disable thread optimizations.
nvdrs: Disabled thread optimizations.
Creating interface object took 0.21s
Cleaning stores took 0.00s
Init translation took 0.03s
Build styles took 0.00s
Load screen analysis took 0.00s
Analyze screens took 0.01s
Save screen analysis took 0.02s
Prepare screens took 0.06s
Save pyanalysis. took 0.01s
Save bytecode. took 0.01s
Running _start took 0.00s
Interface start took 0.16s

Initializing gl2 renderer:
primary display bounds: (0, 0, 1920, 1080)
swap interval: 1 frames
Windowed mode.
Vendor: "b'NVIDIA Corporation'"
Renderer: b'NVIDIA GeForce RTX 3050 Laptop GPU/PCIe/SSE2'
Version: b'4.6.0 NVIDIA 566.03'
Display Info: None
Screen sizes: virtual=(1920, 1080) physical=(1858, 1045) drawable=(1858, 1045)
Maximum texture size: 4096x4096
Resetting cache.
Early init took 15123.57s
Loading error handling took 0.02s
Loading script took 0.13s
Loading save slot metadata took 0.05s
Loading persistent took 0.00s
Running init code took 0.04s
Loading analysis data took 0.02s
Analyze and compile ATL took 0.00s
Reloading save slot metadata took 0.02s
Index archives took 0.00s
Backing up script files to 'C:\\Users\\USER\\AppData\\Roaming/RenPy/backups\\game name here':
Dump and make backups took 0.05s
Cleaning cache took 0.00s
Making clean stores took 0.00s
Initial gc took 0.05s
DPI scale factor: 1.250000
nvdrs: Loaded, about to disable thread optimizations.
nvdrs: Disabled thread optimizations.
Creating interface object took 0.22s
Cleaning stores took 0.00s
Init translation took 0.04s
Build styles took 0.00s
Load screen analysis took 0.00s
Analyze screens took 0.01s
Save screen analysis took 0.01s
Prepare screens took 0.06s
Save pyanalysis. took 0.01s
Save bytecode. took 0.01s
Running _start took 0.00s
Interface start took 0.18s

Initializing gl2 renderer:
primary display bounds: (0, 0, 1920, 1080)
swap interval: 1 frames
Windowed mode.
Vendor: "b'NVIDIA Corporation'"
Renderer: b'NVIDIA GeForce RTX 3050 Laptop GPU/PCIe/SSE2'
Version: b'4.6.0 NVIDIA 566.03'
Display Info: None
Screen sizes: virtual=(1920, 1080) physical=(1858, 1045) drawable=(1858, 1045)
Maximum texture size: 4096x4096
Resetting cache.
Early init took 15140.57s
Loading error handling took 0.02s
Loading script took 0.13s
Loading save slot metadata took 0.03s
Loading persistent took 0.00s
Running init code took 0.03s
Loading analysis data took 0.02s
Analyze and compile ATL took 0.00s
Reloading save slot metadata took 0.02s
Index archives took 0.00s
Backing up script files to 'C:\\Users\\USER\\AppData\\Roaming/RenPy/backups\\game name here':
Dump and make backups took 0.05s
Cleaning cache took 0.00s
Making clean stores took 0.00s
Initial gc took 0.06s
DPI scale factor: 1.250000
nvdrs: Loaded, about to disable thread optimizations.
nvdrs: Disabled thread optimizations.
Creating interface object took 0.22s
Cleaning stores took 0.00s
Init translation took 0.03s
Build styles took 0.00s
Load screen analysis took 0.00s
Analyze screens took 0.01s
Save screen analysis took 0.02s
Prepare screens took 0.06s
Save pyanalysis. took 0.02s
Save bytecode. took 0.02s
Running _start took 0.00s
Interface start took 0.16s

Initializing gl2 renderer:
primary display bounds: (0, 0, 1920, 1080)
swap interval: 1 frames
Windowed mode.
Vendor: "b'NVIDIA Corporation'"
Renderer: b'NVIDIA GeForce RTX 3050 Laptop GPU/PCIe/SSE2'
Version: b'4.6.0 NVIDIA 566.03'
Display Info: None
Screen sizes: virtual=(1920, 1080) physical=(1858, 1045) drawable=(1858, 1045)
Maximum texture size: 4096x4096
Resetting cache.
Early init took 15163.59s
Loading error handling took 0.02s
Loading script took 0.13s
Loading save slot metadata took 0.02s
Loading persistent took 0.00s

File "game/definations.rpy", line 15: invalid syntax
    ("scene/classroom.webp",zoom=2)
                                 ^
DPI scale factor: 1.250000
nvdrs: Loaded, about to disable thread optimizations.
nvdrs: Disabled thread optimizations.
Interface start took 0.36s

Initializing gl2 renderer:
primary display bounds: (0, 0, 1920, 1080)
swap interval: 1 frames
Windowed mode.
Vendor: "b'NVIDIA Corporation'"
Renderer: b'NVIDIA GeForce RTX 3050 Laptop GPU/PCIe/SSE2'
Version: b'4.6.0 NVIDIA 566.03'
Display Info: None
Screen sizes: virtual=(1920, 1080) physical=(1858, 1045) drawable=(1858, 1045)
Maximum texture size: 4096x4096
Resetting cache.
Early init took 15260.11s
Loading error handling took 0.02s
Loading script took 0.12s
Loading save slot metadata took 0.02s
Loading persistent took 0.00s

File "game/definations.rpy", line 16: Line is indented, but the preceding image statement statement does not expect a block. Please check this line's indentation. You may have forgotten a colon (:).
    zoom = 2
    ^
DPI scale factor: 1.250000
nvdrs: Loaded, about to disable thread optimizations.
nvdrs: Disabled thread optimizations.
Interface start took 0.36s

Initializing gl2 renderer:
primary display bounds: (0, 0, 1920, 1080)
swap interval: 1 frames
Windowed mode.
Vendor: "b'NVIDIA Corporation'"
Renderer: b'NVIDIA GeForce RTX 3050 Laptop GPU/PCIe/SSE2'
Version: b'4.6.0 NVIDIA 566.03'
Display Info: None
Screen sizes: virtual=(1920, 1080) physical=(1858, 1045) drawable=(1858, 1045)
Maximum texture size: 4096x4096
Resetting cache.
Early init took 15265.38s
Loading error handling took 0.01s
Loading script took 0.11s
Loading save slot metadata took 0.02s
Loading persistent took 0.00s

File "game/definations.rpy", line 16: Line is indented, but the preceding image statement statement does not expect a block. Please check this line's indentation. You may have forgotten a colon (:).
    zoom = 2
    ^
DPI scale factor: 1.250000
nvdrs: Loaded, about to disable thread optimizations.
nvdrs: Disabled thread optimizations.
Interface start took 0.34s

Initializing gl2 renderer:
primary display bounds: (0, 0, 1920, 1080)
swap interval: 1 frames
Windowed mode.
Vendor: "b'NVIDIA Corporation'"
Renderer: b'NVIDIA GeForce RTX 3050 Laptop GPU/PCIe/SSE2'
Version: b'4.6.0 NVIDIA 566.03'
Display Info: None
Screen sizes: virtual=(1920, 1080) physical=(1858, 1045) drawable=(1858, 1045)
Maximum texture size: 4096x4096
Resetting cache.
Early init took 15267.25s
Loading error handling took 0.02s
Loading script took 0.11s
Loading save slot metadata took 0.02s
Loading persistent took 0.00s

File "game/definations.rpy", line 16: Line is indented, but the preceding image statement statement does not expect a block. Please check this line's indentation. You may have forgotten a colon (:).
    zoom = 2
    ^
DPI scale factor: 1.250000
nvdrs: Loaded, about to disable thread optimizations.
nvdrs: Disabled thread optimizations.
Interface start took 0.40s

Initializing gl2 renderer:
primary display bounds: (0, 0, 1920, 1080)
swap interval: 1 frames
Windowed mode.
Vendor: "b'NVIDIA Corporation'"
Renderer: b'NVIDIA GeForce RTX 3050 Laptop GPU/PCIe/SSE2'
Version: b'4.6.0 NVIDIA 566.03'
Display Info: None
Screen sizes: virtual=(1920, 1080) physical=(1858, 1045) drawable=(1858, 1045)
Maximum texture size: 4096x4096
Resetting cache.
Early init took 15276.47s
Loading error handling took 0.02s
Loading script took 0.11s
Loading save slot metadata took 0.02s
Loading persistent took 0.00s
Running init code took 0.05s
Loading analysis data took 0.01s
Analyze and compile ATL took 0.00s
Reloading save slot metadata took 0.02s
Index archives took 0.00s
Backing up script files to 'C:\\Users\\USER\\AppData\\Roaming/RenPy/backups\\game name here':
Dump and make backups took 0.05s
Cleaning cache took 0.00s
Making clean stores took 0.00s
Initial gc took 0.04s
DPI scale factor: 1.250000
nvdrs: Loaded, about to disable thread optimizations.
nvdrs: Disabled thread optimizations.
Creating interface object took 0.22s
Cleaning stores took 0.00s
Init translation took 0.03s
Build styles took 0.00s
Load screen analysis took 0.02s
Analyze screens took 0.00s
Save screen analysis took 0.00s
Prepare screens took 0.06s
Save pyanalysis. took 0.00s
Save bytecode. took 0.01s
Running _start took 0.00s
Interface start took 0.17s

Initializing gl2 renderer:
primary display bounds: (0, 0, 1920, 1080)
swap interval: 1 frames
Windowed mode.
Vendor: "b'NVIDIA Corporation'"
Renderer: b'NVIDIA GeForce RTX 3050 Laptop GPU/PCIe/SSE2'
Version: b'4.6.0 NVIDIA 566.03'
Display Info: None
Screen sizes: virtual=(1920, 1080) physical=(1858, 1045) drawable=(1858, 1045)
Maximum texture size: 4096x4096
Resetting cache.
Early init took 15358.68s
Loading error handling took 0.02s
Loading script took 0.16s
Loading save slot metadata took 0.03s
Loading persistent took 0.00s
Running init code took 0.03s
Loading analysis data took 0.02s
Analyze and compile ATL took 0.00s
Reloading save slot metadata took 0.02s
Index archives took 0.00s
Backing up script files to 'C:\\Users\\USER\\AppData\\Roaming/RenPy/backups\\game name here':
Dump and make backups took 0.05s
Cleaning cache took 0.00s
Making clean stores took 0.00s
Initial gc took 0.06s
DPI scale factor: 1.250000
nvdrs: Loaded, about to disable thread optimizations.
nvdrs: Disabled thread optimizations.
Creating interface object took 0.22s
Cleaning stores took 0.00s
Init translation took 0.04s
Build styles took 0.00s
Load screen analysis took 0.00s
Analyze screens took 0.01s
Save screen analysis took 0.02s
Prepare screens took 0.06s
Save pyanalysis. took 0.02s
Save bytecode. took 0.02s
Running _start took 0.00s
Interface start took 0.22s

Initializing gl2 renderer:
primary display bounds: (0, 0, 1920, 1080)
swap interval: 1 frames
Windowed mode.
Vendor: "b'NVIDIA Corporation'"
Renderer: b'NVIDIA GeForce RTX 3050 Laptop GPU/PCIe/SSE2'
Version: b'4.6.0 NVIDIA 566.03'
Display Info: None
Screen sizes: virtual=(1920, 1080) physical=(1858, 1045) drawable=(1858, 1045)
Maximum texture size: 4096x4096
Resetting cache.
Early init took 15375.68s
Loading error handling took 0.01s
Loading script took 0.12s
Loading save slot metadata took 0.03s
Loading persistent took 0.00s
Running init code took 0.03s
Loading analysis data took 0.01s
Analyze and compile ATL took 0.00s
Reloading save slot metadata took 0.02s
Index archives took 0.00s
Backing up script files to 'C:\\Users\\USER\\AppData\\Roaming/RenPy/backups\\game name here':
Dump and make backups took 0.04s
Cleaning cache took 0.00s
Making clean stores took 0.00s
Initial gc took 0.06s
DPI scale factor: 1.250000
nvdrs: Loaded, about to disable thread optimizations.
nvdrs: Disabled thread optimizations.
Creating interface object took 0.23s
Cleaning stores took 0.00s
Init translation took 0.03s
Build styles took 0.00s
Load screen analysis took 0.00s
Analyze screens took 0.01s
Save screen analysis took 0.02s
Prepare screens took 0.06s
Save pyanalysis. took 0.02s
Save bytecode. took 0.01s
Running _start took 0.00s
Interface start took 0.15s

Initializing gl2 renderer:
primary display bounds: (0, 0, 1920, 1080)
swap interval: 1 frames
Windowed mode.
Vendor: "b'NVIDIA Corporation'"
Renderer: b'NVIDIA GeForce RTX 3050 Laptop GPU/PCIe/SSE2'
Version: b'4.6.0 NVIDIA 566.03'
Display Info: None
Screen sizes: virtual=(1920, 1080) physical=(1858, 1045) drawable=(1858, 1045)
Maximum texture size: 4096x4096
Cleaning stores took 0.00s
Init translation took 0.00s
Build styles took 0.00s
Load screen analysis took 0.02s
Analyze screens took 0.00s
Prepare screens took 0.00s
Running _start took 0.00s
